BVP_M-80
The_Grand_Leveller
KSBQ
Malus_transitoria
Suleyman_Shah
Swedish_National_Space_Board
Cois_Farraige
Starkowiec
Sri_Lanka_Artillery
Kay_Gardella
Calcium_polystyrene_sulfonate
Newcastle%2C_Washington
Epifanio_de_los_Santos
Senadolice
Pucciniaceae
Nokere%E2%80%93Koerse
Voices_Within
Ricardo_Mir%C3%B3
Renault_15/17
Real_Tamale_United
House_of_Arenberg
Universe:_The_Infinite_Frontier
Sturgeon_Lake%2C_Minnesota
David_Brisbin
Nysa_Szalona
Leadership_Conference_of_Women_Religious
Adsorption_Method_for_Sampling_of_Dioxins_and_Furans
Peugeot_407
Fotos_Politis
Ministry_of_Agriculture%2C_Irrigation_%26_Livestock_%28Afghanistan%29
Faisal_bin_Turki%2C_Sultan_of_Muscat_and_Oman
Lower_Galilee
Thunder_%28CeCe_Beck%29
Hung_Hom_Bay
Let%27s_Get_This_Party_Started
Lima_Senior_High_School
Gonobahini
Louis_Christophe_Fran%C3%A7ois_Hachette
Bernart_T._Wisenall
D%C4%85browa%2C_Gmina_Rozdra%C5%BCew
Cable_transport
Paradinas_de_San_Juan
Champagne_Jean_Pernet
Montano_Antilia
Roger_Freed
Mount_Jackson%2C_Pennsylvania
University_of_Houston_College_of_Pharmacy
Plan_Toys
Rentyny
1149
Eumenides_in_the_Fourth_Floor_Lavatory
B%C3%B3dvaszilas
Guise_Will_Be_Guise
Ba%C4%87in_massacre
Victory_Park%2C_Chorley
XLeratorDB
The_New_Flesh_%28song%29
Guided-mode_resonance
Hacienda_Heights%2C_California
Architecture_of_Sri_Lanka
Karl_Gustav_Ahlefeldt
Vitalect
Flora_Fraser_%28writer%29
NASL
Carrying_Your_Love_with_Me_%28song%29
Prestik
Yves_Fortier_%28geologist%29
Soissons
The_Assassin%27s_Song
Julian_Colbeck
Jim
Japanese_spurdog
Dewey_House
Worth_County%2C_Iowa
Javan_Lutung
Buster_Keaton_filmography
Perse_School_for_Girls
Gmina_Rzeczenica
Ixalotriton
%C3%96zg%C3%BCr_Bayer
Retapamulin
Gregg_Wenzel
Camp_Fannin
Nouvelair
Kieron_Dawson
Bridouxia
Outlaw_country
True_polar_wander
Sibley_Music_Library
Falcated_Wren-babbler
List_of_fascist_movements_by_country_G%E2%80%93M
Haliotis_rubra
Southmall_Manurewa
Len_Dobbin
Jade_%28film%29
List_of_X-Men_villains
Red_and_Rio_Grande
Jim_McIntyre_%28musician%29
Koritnice
Battle_of_Aquae_Sextiae
Dorsolateral_prefrontal_cortex
Tallong_railway_station%2C_New_South_Wales
Santa_Rosa_de_Quives_District
Issac_Delgado
NW5
I%27ll_Find_a_Way
Wisetrack
National_Sports_Council_of_Zambia
Heil_Honey_I%27m_Home%21
Chithara
Earls%2C_ealdormen_and_high-reeves_of_Bamburgh
Southern_Hills_Country_Club
Boyracer
Daniel_Snyder
Codex_Colbertinus
Comoros_national_football_team
I_Said_Never_Again_%28But_Here_We_Are%29
Emyduranus
Coulonges-sur-Sarthe
Albion_%28song%29
Dr._Price_House
The_Mickey_Mouse_Theater_of_the_Air
Erie_Belle
Hand_boiler
Little_Quittacas_Pond
Marty_Haugen
La_Predrera_de_Rubies_Lithographic
Hypertensive_heart_disease
Kowl
Brittney_Skye
Ranulf_Flambard
U.S._Route_48
Trotina
Emperor_Jones
Evergestis_forficalis
18075_Donasharma
Hooe%2C_East_Sussex
Padma_Shri_Awards_%281960%E2%80%931969%29
Re_Polemis_%26_Furniss%2C_Withy_%26_Co_Ltd
Hush_Lake%2C_Minnesota
Widnes_Dock
Morgan_J._Freeman
The_Troll%27s_Daughter
Sugar_Busters%21
Aegeus_%28hero%29
Crocoideae
Guilherme_de_Brito
Nicholas_Serota
Lullaby_%28Angel%29
Empire_ship
The_Instance_of_the_Letter_in_the_Unconscious%2C_or_Reason_Since_Freud
Roger_Kool
Molteno_Pass
Bulldogs_Hall_of_Fame
Albert_Na%C4%91
Battle_of_Vevi_%281941%29
Buada_District
Koteka_Tribal_Assembly
Brookland
Central_Bank_of_Myanmar
Munster_Mansion
Thomas_Allcock
All_Living_Fear
Brie%2C_Charente
Soon_It%27s_Gonna_Rain
Byblis_%28plant%29
It_Goes_Like_It_Goes
Terry_Nutkins
Peridiscaceae
Standing_Committee_on_Finance_and_Economic_Affairs
Nuclear_facilities_in_Iran
Fucoxanthin
8436_Leucopsis
All_Saints%27_Chapel_%28Rosendale%2C_New_York%29
Josiah_Merritt
Bethany_College_%28Bethany%2C_West_Virginia%29
Sumata
Souba
Fabiola_Candosin
List_of_municipalities_of_the_Flemish_Region
Elio_Di_Rupo
Chungbuk_Line
30th/Downing_%28RTD%29
Tatiana_Vlasova
Plan_Commission
Hans_Winkler
Apolipoprotein_A1
Khazars_in_fiction
Creston-Kenilworth%2C_Portland%2C_Oregon
KNTE
D%C3%A9sir%C3%A9_Ferry
St._Stephen%27s_Girls%27_College
Be%C4%8Dov_nad_Teplou
B-
Bring_It_On_%28film%29
RASH_%28film%29
Sarah_Dessen
Nicolaas_Govert_de_Bruijn
WEOM-LP
SJ_T43
Addie_Horton
Black_Magic_%28manga%29
Transfer_gene
Little_Dorrit_%28disambiguation%29
Helena_Moloney
Silence_Is_Easy_%28song%29
Joseph_Lemuel_Chester
In_the_Blood_%28play%29
Socorro_Rojo_del_P.O.U.M.
Hippolyte_et_Aricie
Dalad_Banner
White-throated_Robin
Collinwood%2C_Tennessee
Frank_Shively
Charbonni%C3%A8res%2C_Eure-et-Loir
19523_Paolofrisi
1945%E2%80%9346_in_Swiss_football
AIDSVAX
The_Dirty_Version
Brash
Fincath_mac_Garrchu
Porcupine_Tree
List_of_earthquakes_in_Chile
Spellcaster
JS_Vieux-Habitants
Mark_Cohen_%28cricketer%29
3rd_Battalion_1st_Marines
Paul_Adey
Unfulfilled_religious_predictions
Rise_time
Elaeocarpus_ceylanicus
Dick_Katz
Kalarcode
Bolitoglossa_macrinii
Lal_Haveli
Le_Matin_de_Paris
Berg%2C_Norway
Cimeti%C3%A8re_de_Saint-Ouen
Kottukkal
Robert_Evander_McNair
Vachellia_farnesiana_var._farnesiana
Emma_Klingenberg
Akeel_Bilgrami
Mullusoge
The_Hunt_for_Xavier
John_Bayton
Jane_Farwell
Ernst-Reuter-Platz_%28Berlin_U-Bahn%29
14_Wall_Street
Cheswick
The_Ultimate_W_Expert_Challenge
Nouvel_Horizon
Brother_Nature
Lee_Huan
Rik_Smits
Ranjan_Madugalle
Now_That%27s_What_I_Call_Music%21_75_%28UK_series%29
Temascal_or_Nuevo_Soyaltepec
Fluoroform
Countertenor
J._C._Newman_Cigar_Company
Pagoclone
Sungun_copper_mine
Transport_in_Czechoslovakia
Aswan_Dam
Can%27t_Wait_to_See_the_Movie
Alene_Duerk
Dutton_%26_Michaels
White_Pyjamas
William_Conkey
Heir_Apparent_%28novel%29
Duarte_Mendes
Wisam_El_Abdy
Greg_Smith_%28Oregon_politician%29
Philippine_local_election%2C_1988
Blooming_Grove%2C_New_York
Niran
George_Meakim
Barbara_Jordan_%28tennis%29
Barbanza_e_Iria
Taping
Secession_in_the_United_States
Indiana_State_College_Arena
Tom_Moss_%28Virginia%29
Arnie_Shockley
XPConnect
Pamela_Brown_%28writer%29
Commemorative_coins_of_Spain
Gunnar_H%C3%B8st_Sj%C3%B8wall
Sla%C4%91ana_Milo%C5%A1evi%C4%87
Ontario_Hydro
Dillard_University
Mah%C4%81vastu
Hydromagnesite
Adolf_Seilacher
Three_Tales_%28Flaubert%29
Tariff_of_1842
Te_Rangiuamutu
Split_Second_%28game_show%29
Vibrio
Siget_%28Novi_Kne%C5%BEevac%29
1970%E2%80%9371_St._Louis_Blues_season
Kevin_Sammut
Calvin_Vollrath
The_Icelandic_New_Business_Venture_Fund
Novette_laser
Rosice_%28Chrudim_District%29
Nonfiction_novel
ROD-188
Iosif_Chi%C5%9Finevschi
Michael_Bubl%C3%A9_Meets_Madison_Square_Garden
Express_Yourself
Goose_bumps_%28disambiguation%29
Odyssey_Re
S%C3%A3o_Paulo_F.C._season_2005
Raiano
Rodrigo_Malmierca_D%C3%ADaz
Road_slipperiness
Nikolai_Alexandrovich_Morozov
Black_Gnat%2C_Kentucky
January_2046_lunar_eclipse
Higashi-Fussa_Station
M%C3%A1t%C3%A9_Skriba
Blade_PC
Ullasund_Bridge
Mane_de_la_Parra
Avilla%2C_Missouri
The_Emperor%27s_New_School
Newtownbreda_High_School
Bruno_Monguzzi
Anarchy_in_the_United_States
Manila_Business_College
List_of_places_in_Shetland
Court_of_Session_Act_1810
Essential_Records_%28London%29
Ben_Martin_%28footballer%29
George_Miller_%28Lassie%29
G%C3%B6ttingen_International_Handel_Festival
Geraldine_Keams
Pervagor_melanocephalus
Rudolf_Matz
Shadyside
Lurita_Doan
Kolonia_Ulh%C3%B3wek
Wrigley%2C_Northwest_Territories
Gao_Yan
Ren%C3%A9_Guyon_Society
Susan_Sojourna_Collier
Aloys_Karl_Ohler
A.S.D._Lupa_Frascati
Dewaswom_Board_College
Armour_Heights
Monster_Hunter_Orage
Pyrococcus_C/D_box_small_nucleolar_RNA
David_William_Cohen
Mark_Little_%28Irish_journalist%29
Typhoon_Igme
Love_You_till_Tuesday_%28album%29
International_Dyslexia_Association
Mike_Church
Johanna_Braddy
Encounters_With_the_Unexplained
Kyle_Bradford
Andy_Harper
Anoumaba
Operated_equipment_rental
DCM
Saskatoon_Accelerators
Nahega_Molifai_Silimaka
Svett_smil
Bob_Dishy
David_Seabury
Bride_burning
King_of_the_Road_%28Fu_Manchu_album%29
Electric_Vehicle_Grand_Prix
Reflexive_Antagonism
Interleukin_19
Hollywood_Wiretap
D._Ian_M._Wallace
Wolimirzyce
Euskelia
The_Notwist_%28album%29
Elena_Romanovskaya
1895%E2%80%9396_Hong_Kong_Football_Cup
Kings_Bay_%28company%29
Langwathby
When_We_Were_Young
The_Waters_of_Mars
Logarithmic_conformal_field_theory
Stora_Valla
Array_slicing
Native_American_recognition_in_the_United_States
1982_European_Super_Cup
Fabian_von_Fersen
Carlos_De_Le%C3%B3n
Lydia_Sargent
Pronesopupa_orycta
Alf_van_der_Hagen
Scandinavian_%28Faberg%C3%A9_egg%29
My_Little_Pony_Tales
Pra%C3%A7a_da_Liberdade
Kerry_Cash
Stanbridge%2C_Bedfordshire
4%2B1_Architectural_View_Model
Brothers_Hospitallers_of_St._John_of_God
Steve_Korte
Francis_Salvador
Here_Come_the_Mummies
Breastwork_%28fortification%29
Wyk
Cadreita
Dawn_of_Destiny
Nature_%28essay%29
Sandy_Pasch
Waterfowl_hunting
Bhutanese_refugees
Raiford%2C_Florida
Kaohsiung_Medical_University
Lee_Harvey_Oswald
Jack_Cusack
Harmonic_damper
National_Register_of_Historic_Places_listings_in_Transylvania_County%2C_North_Carolina
Moumouni_Adamou_Djermakoye
Greek_Australian
List_of_Unicode_characters
Monroe_County_Sting
Jonathan_Rossini
Stejioara_River
Piparhawa
Geraldo_Guzman
Saint-%C3%89tienne-sur-Blesle
Unare_River
Minuscule_641
Tuscia
Radical_chic
Coat_of_arms_of_the_Department_of_La_Guajira
Whirligig
Gevresin
Igor_Shafarevich
Bulbophyllum_vaccinioides
Great_Dixter
Lisdoonvarna
Pieszyce
Slyne-with-Hest
Singapore_Armed_Forces_Long_Service_and_Good_Conduct_Medal
Iain_Milne
H%C3%A9l%C3%A8ne_Grimaud
Blight_%28disambiguation%29
Maryland_Terrapins_men%27s_basketball
Emmanuelle_%28film%29
The_Wide%2C_Wide_World
Finger_binary
Schuyler_County%2C_Missouri
Olivier_Ker_Ourio
Zach_McClellan
Conestoga_Traction_Company
Roslin%2C_Midlothian
Un-Break_My_Heart:_The_Remix_Collection
Intuition_Peak
Cook_Island_Aquatic_Reserve
Zhang_Henshui
Odontura
WELR-FM
Boxing_at_the_1992_Summer_Olympics
Udhambai
Encephalartos_horridus
Louisville_Public_Library
B%C5%8Dgu
Aplastodiscus_sibilatus
List_of_Gold_Glove_Award_winners_at_second_base
Mesopotamia
Lu%C3%ADs_Gon%C3%A7alves
Bose%E2%80%93Einstein_condensation:_a_network_theory_approach
Romeo_Void
Orestes_H._Caldwell
The_Big_Help
Alexander_Tille
Normanby%2C_Taranaki
Caerwedros
National_Achiever_Services
Leirvatnet_%28S%C3%B8rfold%29
Magnificat_Academy
Gabriel_Oba-Apounou
Gunparade_March
List_of_highways_numbered_187
Giarole
Towed_array_sonar
Castlebar_railway_station
Crambe%2C_North_Yorkshire
Gazela_Pipeline
Emmanuel_Gyimah_Labi
Joseph_Cortese
Gu%C3%A9bestroff
Lannevesi
Tesco_Mobile
Jean-Eric_Vergne
Roman_Catholic_Archdiocese_of_Guwahati
Faith_shoes
Mbunga
Grzegorczyk_hierarchy
Thomas_Hitton
Dundee_United_F.C._season_2008%E2%80%9309
Mitsubishi_Fuso_Truck_of_America%2C_Inc.
Kit_Burns
Sulaiman_Said_Al_Shikairi
1975_Metro_Manila_Film_Festival
Celia_Franca
OC_Fair_%26_Event_Center
Durnovaria
VUC
Lattice_steel_pylon
Shijimia_moorei
Eckart_H%C3%B6fling
Diaphananthe
Les_Anderson_%28driver%29
Hatha_yoga
Honor_Bound_%28song%29
Arthur_William_Barton
Florent_Perraud
Liam_Chilvers
Richard_Sukuta-Pasu
Rana_garoensis
Eliezer_Peri
Carl_Spielvogel
Phyllomedusa_camba
Bohdane%C4%8D
The_One_and_Only_%28Gladys_Knight_%26_the_Pips_album%29
Land_O%27_Pines
Secretory_leukocyte_protease_inhibitor
Red_crab
Aguape%C3%AD_River_%28S%C3%A3o_Paulo%29
Dutch_Top_40_number-one_hits_of_2008
Mount_Zion_Township%2C_Macon_County%2C_Illinois
Castlevania_%28video_game%29
List_of_songs_in_Guitar_Hero_III:_Legends_of_Rock
Batman:_Cataclysm
Searches_for_Noah%27s_Ark
Nothing_Records
Maples_Pavilion
Vermont_Department_of_Education
Joseph_A._Foran_High_School
Sellocharis
Garciez
Grace_%28Singapore_Chinese_Christian%29_Church
61st_Air_Base_Group
Blacker_House
Attopu
Leintrey
Education_in_Yemen
Unitrans_3536%E2%80%934350
Britannia_Stop_Lock
SNCF_TGV_Duplex
Glory_Comics_Magazine
John_Preston
Paraspilarctia
CKTM-TV
Mercury_telluride
Dan_Kratzer
Luke_Jericho
Meynell
Middletown_Alms_House
Bostwick%2C_Georgia
P%C4%81vilosta_municipality
Fever_Dreams
Helder_%28disambiguation%29
Holt_Heath%2C_Worcestershire
Pilgrim_Award
Vladimir_Bartol
Blaggards
Turkey_in_the_Eurovision_Song_Contest_2007
Na%C5%A1a_TV
Nicaro_Airport
Kevin_Boyle
Llanelly_Bank
PopMart_Tour
Oliveros%2C_Santa_Fe
Trent_Skaggs
Philippines_Central_Conference_%28United_Methodist_Church%29
Hans_van_Baalen
Amara_alpestris
Hattrick_%28film%29
Guaran%C3%AD_%28disambiguation%29
Hibiscus_heterophyllus
Candice_Forword
Billeberga
Better_Be_Home_Soon
Basilica_of_St._Hyacinth
La_Maravilla_%28novel%29
Baltimore_City_Senate_Delegation
Silva_%28Barcelos%29
Chukky_Okobi
Stanowiska%2C_Ko%C5%84skie_County
Doko
Planck_pressure
Mohammed_Ghanbari
Acora_District
Mobile_e-mail
Maltese_bread
Sefton_local_elections
Elgar_Birthplace_Museum
1982_Cincinnati_Reds_season
The_Academy_Shopping_Centre
Vic_Wilson_%28motor_racing_driver%29
RFA_Spalake_%28A260%29
Tom_Draper
Jaunauce_Manor
Neoepitola
DJK
Palouse_%28disambiguation%29
Conspiracy_X
Gay_Notes
Harrisville_Rural_District
Robin_Corsiglia
Joint_precision_airdrop_system
Extragalactic_background_light
Nuliajuk
Neighbors:_The_Destruction_of_the_Jewish_Community_in_Jedwabne%2C_Poland
Shin_Megami_Tensei
Allen_Township%2C_Union_County%2C_Ohio
Bob_Strickland
Terence_James_Reed
Itesalat
Pasch_%28surname%29
Shavei_Tzion
Cinema_Artists
M%C3%A1ire
Kielminek
Causative
On_Leong_Chinese_Merchants_Association
691_AH
Ellison_Capers
Ragoli
1st_Regiment_Illinois_Volunteer_Cavalry
Penn_Station_%28Manhattan%29
Municipalities_of_Southern_Savonia
Jerry_Only
Delta_Cancri
Torsten_Spittler
Undress_to_the_Beat
Jay_C._Buckey
Poker_%28disambiguation%29
Yoshiura_Station
Tailholt%2C_Indiana
Ariston_Estrada%2C_Jr.
Alice_In_Thunderland
Computer_Society_of_Southern_Africa
Villahermosa_M%C3%A9xico_Temple
Charles_Shaw_%28writer%29
History_of_Vladivostok
Infiniti_J30
PS_Medway_Queen
Let_%27Em_Bleed:_The_Mixxtape%2C_Vol._1
Holly%27s_World
List_of_awards_and_nominations_received_by_Richard_Dean_Anderson
Maynardville%2C_Tennessee
Fede_Galizia
Farm_Sanctuary
Bozhou
Seletracetam
The_Rainforest_Site
Poczobutt_%28crater%29
Frank_Wright_%28sport_shooter%29
2008%E2%80%9309_Duke_Blue_Devils_women%27s_basketball_team
Chetlat_Island
SAPI
Carbon_Shredders
Clorindione
Lingtong_East_Railway_Station
Hell_Station
Batase%2C_Khotang
Jelena_Abbou
Encircled_energy
Cumberland_Park%2C_South_Australia
2798_Vergilius
CSR_97.4FM
Margaret_Somerville
KNFM
Bethany_Reservoir
WJMP
Handsome_Flycatcher
Nhyiaeso_%28Ghana_parliament_constituency%29
First_Bus
2010_in_Denmark
Worthington_Industries
Mulakuzha
Carol_Bellamy
Jefferson_Johnson
Jalan_Kota_Baharu
Demo_mode
USS_U._S._Grant_%28AP-29%29
Lichtenrade_station
Jason_Reich
Spry_Harbour%2C_Nova_Scotia
The_Woodbridge_Company
CICQ-FM
Stereo_Total
Viru_Prison
Joe_Public_F.C.
Sidney_Davidoff
Acetyl-CoA_synthetase
Edward_M._Strait
Portuguese_Heritage_Society
M%C3%B6hlau
Robert_A._Frosch
Radoslav_Zdravkov
Salomea_of_Poland
Sex_and_illness
Panchromium
Battle_of_Washington
ATC_code_H01
Mutumparan%C3%A1_River
Tachik%C5%8Dji_Station
ISO_15504
Chtylok
Tri-tet_oscillator
Levomethamphetamine
Recess:_All_Growed_Down
Time_Is_Running_Out_%28film%29
Hamlet_%28bibliographies%29
Three_positions
Angioma_serpiginosum
Howard_Craufurd_Elphinstone
Water_power_engine
Yury_Cheban
Jack_Yan
Aven
Il_grido
Neoeuantha
Dmitri_Belokolosov
Arnaud_S%C3%A9ka
Moraine_Country_Club
Ciechan%C3%B3w_%28disambiguation%29
Television_South_West
Wagner%2C_Alberta
Strzeganowice
Charlie_Amesbury
Secret_police
EA_Patras
Bahram_Akasheh
Olga_Obukhova
Forrest%2C_Victoria
Kinoshita_Rigen
Wormfish
Saint-Thibaud-de-Couz
Slovakia_national_futsal_team
Donald_C._Fry
United_Daily_News
Sprint_International
Dry_Well_Creek
Vitesse_Models
The_Perfect_Is_the_Enemy_of_the_Good
Lynyrd_Skynyrd_Lyve:_The_Vicious_Cycle_Tour
Antonio_Rosmini-Serbati
Certified_Professional_for_Requirements_Engineering
Surrey_County_Cricket_Club
Petty
South_African_Democratic_Convention
In_a_Year_of_13_Moons
Benny_Rayburn
St_Barnabas%27_Church%2C_Bromborough
1523_in_art
Direct_8
K%C3%B6nigswartha
Kului
Fidel_Ortiz
Thermal_diffusion
Abronia_mellifera
Tottenham_Hale_station
Walter_Reisch
Grant_Campbell
Washington_Metropolitan_Association_of_Chinese_Schools
Illyria_%28software%29
Mart%C3%ADn_C%C3%A1rdenas_%28botanist%29
Leabrooks%2C_Derbyshire
Lap_steel_ukulele
Kroustas
Lance_Price
Llorente%2C_Eastern_Samar
William_Ward_%28missionary%29
Mercedes-Benz_Championship
Forced_labor_in_the_Soviet_Union
Mount_Frakes
Ya_zhe_yego_lyubila
De_viris_illustribus
Teatro_Stabile_d%27Abruzzo
Liechtensteiner_Footballer_of_the_Year
Robert_Torrance
Aiko_Kay%C5%8D
Caernarfon_%28HM_Prison%29
Tuff_TV
Delyn
Tom_Tsuchiya
Phobos_%28moon%29
Edward_Herbert_Rees
Sunshine_Bridge
Cape_Blomidon
Goodnight_Alchemy
Zimmerit
Cybermutt
Devan_Dubnyk
White_Wedding_%28song%29
Halebank
A%2CA
Tobo
Kaifa_Records
Sh%C3%A2n_Legge-Bourke
Siege_of_Ninety-Six
Mix
List_of_minor_planets:_207001%E2%80%93208000
Mlahs%C3%B4_language
HMS_A13
What_Happens_at_the_National_Propane_Gas_Convention_in_Memphis_Stays_at_the_National_Propane_Gas_Convention_in_Memphis
Crystal_Dam
Wide_Bay_by-election%2C_1915
Kamikaze_Shirt
Rzeczk%C3%B3w%2C_Rawa_County
Pound_sterling_in_the_South_Atlantic_and_the_Antarctic
1994_South_American_Games
Never_Again
Jean_Wiener
Kirsi_Department
2004_Tennis_Masters_Cup
Anastas_Al-Karmali
National_Register_of_Historic_Places_listings_in_Clarke_County%2C_Alabama
W._T._Pfefferle
Heros:_The_Sanguine_Seven
A%27akuluujjusi
Robert_Key
Astragalus_anserinus
Thiessow
Forbes%2C_New_South_Wales
Neurine
Electoral_%28Amendment%29_Act_1974
The_Guard
Luitpold%2C_Prince_Regent_of_Bavaria
Uncial_0140
Tishman_Realty_%26_Construction
En_Directo
Norman_Smith_%28soccer%29
Chirakkadavu
Green_abalone
Hakim_Sanayi_Kabul_FC
Dendrobium_unicum
Hirohide_Ishida
Flavius_Licerius_Firminus_Lupicinus
Positivity_effect
List_of_ship_launches_in_1937
Gary_Gilmore
Cassiope_mertensiana
La_boh%C3%A8me_%28disambiguation%29
R_Apodis
Abraham_Woyna
Cinema_of_the_Russian_Empire
James_Mackie
Horn_Island%2C_Queensland
Kurt_von_Schuschnigg
MV_Don_Carlos
Raoul_Le_Mat
KSK_Energy_Ventures_Limited
Baby_if%2C
T._Mariappa
Jan-Chris_de_Koeijer
Raoul_de_Beauvais
Basie_Big_Band_%28album%29
Ralph_Stanley
Separation_of_protection_and_security
Fierville-les-Mines
3rd_X%27mas
Mountain_Owlet-nightjar
E._E._C._Thuraisingham
Corsham_Court
Edward_Brayshaw
Belknap%2C_Illinois
Dumbriguda
Sushil_Koirala
Millennium_1990%E2%80%932000_%28album%29
WKTU
India%27s_Got_Talent
Messier_5
Walter_D._Pugh
The_Cunning_Peasant
Energy_Task_Force
Oeiras_Municipality%2C_Portugal
St._Peter%27s_Episcopal_Church_%28Port_Chester%2C_New_York%29
Mayo%2C_C%C3%B4te_d%27Ivoire
Immersive_design
Upper_Common_Pits
Equinox_%28standard%29
Duncanville_Independent_School_District
Novo_Brdo
Mud_motor
Iklehra
Japanese_cruiser_Mogami_%281934%29
WOLT
Hybrid_power_source
Ulrich_von_Hassell
Marangu
Payee_Lake
Stare_Dzieduszyce
Red_Man
Westlands_Constituency
Shining_Star_%28band%29
Much_Too_Young_%28To_Feel_This_Damn_Old%29
Moffat_View%2C_Gauteng
Carlton_Your_Doorman
Nantucket_%28disambiguation%29
Nadeem_Ghauri
Traveller%27s_Inn
Zubrzyca_Dolna
Swiss_American
George_Hamilton
Habry
Peenestrom
Mario_Biondi_%28musician%29
Schindler_disease
1979_Paris_Open_%E2%80%93_Singles
San_Bellino
Coti_%28album%29
Tom%C3%A1%C5%A1_Surov%C3%BD
Wardance_%28song%29
Randy_Horton
Brendon_Sinclair
Melounta
Polioptila
Kirchheim%2C_Thuringia
Tyehimba_Jess
Thomas_Armstrong_%28conductor%29
List_of_Handy_Manny_businesses
Michele_Pawk
George_Cowling
Yama_District%2C_Fukushima
Adam_Hunter
Telenor
FL-boat
Pierre_Bourguignon
Northern_Caribbean_University
Tetrarchy
Genevieve_Range
Apostolic_Messianic
Poteau%2C_Oklahoma
Asian_Super_Cup_1998
Requa%2C_California
Bad_Salzdetfurth
Acrylic_retarder
1996_AFL_Rising_Star
Christie_Hefner
Sugar_and_Spice_%28Australian_TV_series%29
Laurent_Cohen
Strictly_Rhythm
Steven_L._Bennett
Zion_Memorial_Chapel
Rockmen_Guardians
Byron_N._Scott
Norio_Wakamoto
Market_%28film%29
Kathy_Bates
Dendroctonus_rufipennis
Kupiczow
Unit_measure
Reviga
Phosphatidylinositol_5-phosphate
Marie-C%C3%A9lie_Agnant
Marshall_Carter
Against_the_Wind_%28album%29
Basilica_of_San_Simpliciano
Haian_Range
1997_WTA_Tour_Championships_%E2%80%93_Singles
Seodaemun_Museum_of_Natural_History
MSAT
Old_Minster%2C_Winchester
Bowerstown%2C_Indiana
Eric_Asamoah-Frimpong
Rachel_Maddow
Montpellier_Red_Devils
Indochina_Airlines
King_George_School
Holless_Wilbur_Allen
KV45
Rupert_Reid
The_Beauty_of_Hindsight
Bridgeton%2C_Indiana
2005_10%2C000_Lakes_Festival
John_Goddard_%28bishop%29
Mount_Hermon_Township%2C_Pasquotank_County%2C_North_Carolina
19914_Klagenfurt
Apostolic_see
Caesarion_%28Rome%29
List_of_Dalida_songs
Jay_C._Hormel_Nature_Center
Something_for_Kate
Albert_Belin
Ch%C3%A9ronnac
Looking_Glass_Networks
Goahti
Japanese_films_of_1960
Zaouia
Sholden
The_Joy_We_Keep_In
Bahamas_National_Open
The_Review_of_Litigation
