Seaside_Municipal_Airport
The_Floating_Light_Bulb
Massimo_Zanetti
USS_Conquest_%281812%29
We_Know_Something_You_Don%27t_Know
Psecas
Lamb_Favorites
Wesget_Sipu
Central_Baddibu
Eastern_Hill_Fire_Station
Front_for_the_Liberation_of_Lebanon_from_Foreigners
Harry_Schuh
Rowland_Fraser
1848_in_Norway
Avon%2C_Maine
History_of_ancient_Lebanon
Sonya_Madan
Onizuka
John_Haas
40th_Division
Shvetsov_ASh-21
Barents_Island
Maxey-sur-Meuse
Vaccine_Adverse_Event_Reporting_System
CMX_Systems
USS_S-35_%28SS-140%29
Cold_Comfort_Farm_%28film%29
My_Mother%27s_Laptop
Pa%C5%84stwowy_Urz%C4%85d_Repatriacyjny
No_Human_Rights_for_Arabs_in_Israel_%28Muslimgauze_CD%29
Hugh_Raffles
Michael_Deibert
Adenb%C3%BCttel
Certain_accursed_ones_of_no_significance
Thanks_for_the_Memory_%28Red_Dwarf%29
HMS_G9
Qube_Software
Valentina_%28sauce%29
WENY-DT3
X_%26_Hell
Jan_%C5%A0im%C5%AFnek
Euphorbia_bongolavensis
Otto_von_Lossow
WVOP
Brentina
1925_Major_League_Baseball_season
Sons_of_Steel
Bertilimumab
Mario_Pezzi
Montgomery_Peak
Claus_Roxin
Azymite
The_Love_Album_%28Bobby_Vinton_album%29
White_Zinfandel
Recordings_1994%E2%80%931997
Hea_Hoa_Hoa_Hea_Hea_Hoa
Daniel_Albrecht
Alberto_Aquilani
Marcella_Durand
Roman_Catholic_Diocese_of_Amos
Radio_Nigeria_Kaduna
Beers_%28Netherlands%29
Resende
Naoki_Matsuda
Charlotte_of_Valois
Ixiolirion
Moray_modeler
Joseph_Boyd_%28politician%29
Rugby_World_Cup_Final
Pere_Ubu_%28disambiguation%29
Ruvim_III_Boljevi%C4%87
14318_Buzinov
Boris_Graffiti
Swiss_Footballer_of_the_Year
Markopoulo_Olympic_Shooting_Centre
National_Register_of_Historic_Places_listings_in_Waltham%2C_Massachusetts
The_Staggering_Stories_of_Ferdinand_de_Bargos
David_Zabriskie
Johnston_High_School
Seleute
Steve_Van_Buren
Idaea_degeneraria
Dino_Vindeni
Darkhorse
Eduard_Zhawneraw
Steve_Sylvester_%28American_football%29
Attack_of_the_Mad_Axeman
Ivan_Hollett
Jerry_Lee_Lewis_discography
Hipparcos_Catalogue
List_of_volcanoes_in_Tristan_da_Cunha
Fulton%2C_Minneapolis
Villa_Hidalgo%2C_Durango
Tr%C3%A9morel
Thelymitra_crinita
Kennekuk_Cove_County_Park
Fourteen_Mile_Creek
Vicky_Morales
Sorry_%28Grace_Jones_song%29
William_Tailer
ROS1_%28gene%29
Arcadia_Aegypti
Akaroa_%28New_Zealand_electorate%29
Eidsvatnet
The_Mask_%281961_film%29
The_Enigma_Files
Ministry_of_Education_%28Thailand%29
Singularity_%28video_game%29
Lake_Linkmenas
Kestur
Did_Six_Million_Really_Die%3F
Jay_Furman
CBEFT
Terry_Bradway
Graph_paper
Bruce_Shingledecker
The_Bamboos
L%27Olimpiade_%28Vivaldi%29
Marlin_Piana
Joaqu%C3%ADn_Costa
Baron_Wraxall
John_Starnes
Mark_Teltscher
Irmgard_von_Stephani
North_Carolina_Trailblazers
NPM3
Ahalya
Brian_Ching
Sharp_PC-1251
King_Ludd
Hagoita
Herbert_S._Goldstein
El_baile
Gotoku_Sakai
Border_Legion_%28disambiguation%29
National_Register_of_Historic_Places_listings_in_Missouri%2C_Counties_Ste.%E2%80%93Z
Guanylyl_transferase
Uemura
Black-footed_Shrew
Hampton_School_Boat_Club
Leo_Binz
List_of_minor_planets:_60001%E2%80%9361000
Area_code_205
Boissy-la-Rivi%C3%A8re
Tommy_Scourfield
Cavalcade_%28film%29
Campbell_Hills
J%C3%B8rgen_Markussen
Bread_Givers
List_of_programmes_broadcast_by_Fox_%28Italy%29
Sinhung
Netaji_Subhas_Chandra_Bose:_The_Forgotten_Hero
The_Ville%2C_St._Louis
Goshin_%28disambiguation%29
Dr._Kevin_M._Hurley_Middle_School
Eidsivating_Court_of_Appeal
PAR_thrust
Oxford_City_Council_election%2C_1998
San_Francisco_Pride
John_Vallely
TU81
Brainwaves_%28compilation%29
Mitch_Meluskey
Faith_Ringgold
Oakhurst%2C_Texas
George_Meyer_%28soccer%29
Anelle
Aguiar_da_Beira_Municipality
Luv_Ya_Blue
Bismarck_Woodswallow
List_of_Speakers_of_the_National_Assembly_of_Seychelles
Anti-lock_braking_system
Waima%2C_Northland
NHL_Eastside_Hockey_Manager
Kulesze_Ko%C5%9Bcielne
Notaspidea
Wassenaar_Arrangement
St._Monica_Catholic_Church%2C_Santa_Monica
Wylie_Township%2C_Red_Lake_County%2C_Minnesota
Bob_Cranford
Borowa%2C_Piotrk%C3%B3w_County
UAO-DLR_Asteroid_Survey
Osage_County%2C_Missouri
Paratenic
Co-ed_Training
Sherbrooke%2C_Prince_Edward_Island
Norton_Clapp
TV1000_Drama
Walch%27s_Tasmanian_Almanac
Margarita_Bowl
Captain_January_%281936_film%29
Sprott-Shaw_Community_College
Poto%C4%8Danje
J._J._Walser%2C_Jr._Residence
Fujisaka_Station
CR3
Dijkstra%27s_algorithm
Arizona_Legislature_elections%2C_2006
Doctor_of_Divinity
Hoscheid
CLEC16A
Hodr%C3%A2ngu%C5%9Fa_River
President_of_the_Queen%27s_Privy_Council_for_Canada
Joseph_Sewall
Arthur_Gardner_%28producer%29
Dane_Bowers
Ulmus_procera_%27Folia_Aurea%27
Eustace_Roskill%2C_Baron_Roskill
South_African_Naval_Museum
William_Thomas_Frederick_Davies
Sublime_Mix
Pigeon_Cove%2C_Newfoundland_and_Labrador
Sokar%2C_Punjab
River_Noe
Angel_on_a_Leash
Osta%C5%9F_River
Roman_Oben
Kishin_Shinoyama
The_Unsolved
Bromobenzene
George_Hagan
Anomalopteryx
Battle_of_Holowczyn
Danc%C3%A9
Come_and_Join_Us
Oswald_Silberrad
Ten_Mile_Lake_%28Minnesota%29
Live_Session_%28iTunes_Exclusive%29_%28Nelly_Furtado_EP%29
S-50_%28Manhattan_Project%29
Roaming_user_profile
Holocene_climatic_optimum
List_of_compositions_by_Cl%C3%A9mence_de_Grandval
Josu_Iriondo
Sh%C3%ABngjergj
Road_Trips_Volume_2_Number_2
The_Naked_Civil_Servant_%28film%29
Invercargill_march
Stone%E2%80%93von_Neumann_theorem
Chaskel_Besser
Wunnwedaung
Telugu_films_of_2000
Salaam
Saint-Ybars
Armed_Forces_Day_%28United_Kingdom%29
Mixed_Emotions_%28Beverley_Craven_album%29
Finery_forge
Alvarado_%28disambiguation%29
Edu_da_Gaita
John_Eyre_%28cricketer%2C_born_1944%29
Malibagh
1972_Allan_Cup
Pigs_in_a_Polka
S%C3%A1ndor_Tihanyi
Ben_Bernanke
Abdul_Hadi_Yahya
Hemiola
Prank_Patrol
Nadwan%2C_Patna
M77_motorway
Talaat_Sadat
950s_BC
Schoenotenini
Pinus_ponderosa
List_of_crossings_of_the_Ochlockonee_River
Vanyar
Firdos_Square
UFC_90
Stanis%C5%82aw%C3%B3w%2C_Gostynin_County
Trust_federation
HMS_Namur_%281697%29
Dieing
National_Iranian_Tanker_Company
Shake_Harder_Boy
Emmaus_Bible_College_%28Australia%29
Fran%C3%A7ois_Cl%C3%A9ment
Barbara_Margolis
Cactus_Mouse
Emily_Gertz
Bill_Miles
Blackpool_F.C._season_2008%E2%80%9309
Gul_Mohammad_Arefi
Lauren_Michelle_Hill
Andrea_Thompson
Ralph_Buchanan
Mutiu_Adepoju
Charles_E._Rushmore
Prince_Jam_Kamal_Khan
Empire_Interactive
Luke_Jericho
Geography_of_Croatia
Greatest_Hits_%28Steven_Curtis_Chapman_album%29
Indosuchus
Shreveport-Bossier_Captains
Fagurh%C3%B3lsm%C3%BDri
Garo
Elections_in_Bretagne
Simon_Webb
Nymphaea
The_Prodigies
List_of_state_leaders_in_1135
King_Stephen
Mary_Hearne
Dawr
Reoccurring_Dream
Koloni%2C_Koutiala
Fred_Victor_Centre
Flag_of_Denmark
Biomechanics
Ivujivik_Airport
Glenwood_Heights%2C_Florida
Red-naped_Sapsucker
Lord_Peter
Brod%C5%82a
Brock_Gutierrez
K-1_World_MAX_North_European_Qualification_2007
Khalil_Ramal
Envigado_F%C3%BAtbol_Club
The_Dark_Backward
Jaljale
Tom_Teahen
The_Vaudevillains
DOC:_The_Documentary_Channel
Robert_Trujillo
The_Trashwomen
All_in_One_%28disambiguation%29
Peter%27s_Disk-winged_Bat
Adolphson
D%C3%B3nal_Lunny
Giovanni_Costa
Max_Euwe_Memorial_Tournament
Chikatetsu-Narimasu_Station
Regnal_name
Quantum_Theology
National_Register_of_Historic_Places_listings_in_Oktibbeha_County%2C_Mississippi
OmniGuide_Inc.
Dumisani_Kumalo
Villers-sur-Trie
Sheffield_Baronets
Victor_Linetsky
Treasure_trove
Will_Yow_Walke_the_Woods_soe_Wylde
Tora%21_Tora%21_Tora%21
Communication_%28Jazz_Composer%27s_Orchestra_album%29
Howard_Robertson
Medieval_demography
Widowmaker_%28forestry%29
Macromia_urania
Danville_Historic_District_%28Danville%2C_Virginia%29
AIDS_Vaccine_200
Saskatchewan_Highway_343
Flesh_Tapes
Charles_Jones_%28basketball%29
The_Wawanesa_Mutual_Insurance_Co.
Monkey_Grip_%28soundtrack%29
Wedding_Night
Indian_Parliamentary_Group
Frans_Koppelaar
Nabeshima_Naotsune
Cecilia_M%C3%A9ndez
Jo_Edwards
Loyalist_Collegiate_and_Vocational_Institute
Dancehall
Volitan
Simon_of_Elmham
Toy%27s_Factory
Duchesne_College
Volunteer_Point
Olivier_Jarda
Metro_Agr%C3%ADcola_Oriental
Clinical_Hospital_Mostar
2194_Arpola
RooArt
Kawasaki-Shimmachi_Station
Binnaway%2C_New_South_Wales
Paul_Mercier_%28politician%2C_Blainville%29
Ellicott_City%2C_Maryland
James_Stuart_Wetmore
Pamlico_Sound
Kobylanka%2C_Podlaskie_Voivodeship
KV19
Consulate-General_of_Japan_in_Honolulu
Ludwik_Solski_Academy_for_the_Dramatic_Arts
Yancey_Arias
Daniel_Stahl
Binanderean_languages
Aeronautical_Institute_of_Bangladesh
Downey%2C_California
Skipjack_Shad
HiTech_Creations
B%C3%ACnh_Long_Town
Sheridan_Circle
United_States_Air_Force_Security_Forces
Cheetah_Vision
Slovenian_Supercup
Tahoe_Airport
Adam_Cayton-Holland
CKPK-FM
Temple%2C_Oklahoma
C%C3%A1rdenas%2C_Tabasco
Future_Drug
Shattering
Earl_of_Abergavenny_%28East_Indiaman%29
Le_roi_de_Lahore
Two_Sides/Boundaries_Are_Open
Measurement_of_biodiversity
Commissioner_of_Food_and_Drugs
LOCUS_%28operating_system%29
Valberg
Kaska_Tribal_Council
2007_China_Open
Erythronium_grandiflorum
Krukowszczyzna%2C_Sok%C3%B3%C5%82ka_County
Janiszew
Composition_No._1
Jonathan_Blanchard
St._Philip%27s_College_%28Australia%29
Coluche
Jesse_Pomeroy
Princess_Firyal_of_Jordan
Boun_Neua_District
Dogar_family
The_Pager
Croatian_Greek_Catholic_Church
Asian_Super_Cup_1999
Tingsek
MK14
Henry_Eilber
Cuona_County
Bucini%C5%9F_River_%28%C5%9Earu%29
1935_in_France
%C5%A0afa%C5%99%C3%ADk_%28crater%29
Bieni%C4%85dzice
Nipissing_University
Amberian_Dawn
Family_Life_%281985_film%29
Canine
U.S._Divers
Tom_Seaver
Thomas_Seens
University_of_Melbourne_Student_Union
Tetraplasandra_gymnocarpa
Shamin_Mohammed_Uddin
Crenigomphus_hartmanni
Siege_of_Sardath
Hahanu
Riviera_%28district%29
Dane_Randolph
Central_Maine_Community_College
Ogrodniki%2C_Warmian-Masurian_Voivodeship
Atka_Island
Anrep_family
History_of_Algeria_%281960s_to_1980s%29
Detroit_9000
Cerro_Quemado
Magicicada_septendecim
Mina_Crandon
Rigel_%28disambiguation%29
Alashan
Daiwa_Adrian_Prize
Karen_Like
John_Patterson_%28infielder%29
Baron_Ogle
Ballston%2C_New_York
Elias_Boudinot
Transformation/transcription_domain-associated_protein
Chester_D._Davidson
Dexter_Reed
Puerto_Rico_Health_Reform
Herman_Witte
Frances_Hodgkins_Fellowship
Independent_Student_Media
List_of_tallest_buildings_in_Africa
Qu%C5%93ux-Haut-Ma%C3%AEnil
Danny_Barber
Gzhat_River
Greg_Byrnes
Keith_McCaskill
42nd_Street%E2%80%93Fifth_Avenue%E2%80%93Bryant_Park_%28New_York_City_Subway%29
Ocean_Road_Historic_District
Schistosomatidae
Ban_Pong_%28town%29
2001_in_NASCAR
The_Kroaz_Du_%28Black_Cross%29
Luk_Koon_Pong
Kelly_Perkins
Karl_Jones
Sich_Riflemen
Inglis%2C_Manitoba
Terry_Dunn
David_Haraldsson
Andronic_Nikolsky
Flushing_Community_Schools
Transitional_fossil
International_Fellowship_of_Reconciliation
Kinga_Czig%C3%A1ny
Jubilation%21
Haley_Anderson
Diyi
Jonathan_Quartey
International_Knowledge_Network_of_Women_in_Politics
Prix_Vicomtesse_Vigier
Thomas_Organ_Company
Idaho_Gem
Waiting_for_God_%28TV_series%29
Vehicle_registration_plates_of_Indiana
Jefferson_Township%2C_Putnam_County%2C_Indiana
KOUT
Maryland_Route_79
Ciucani
Rob_Calloway
Mount_Mee_State_School
Spintria
Military_history_of_Ancient_Egypt
Muratly
USS_Panther_%281889%29
Tangible_Cultural_Properties_of_Japan
Lisandro_L%C3%B3pez
Rick_Gorzynski
Vakhtang_Chabukiani
Abloux
International_primate_trade
Luman_Watson
List_of_French_Argentines
West_Craigs
Nowe_Strza%C5%82ki
David_Patterson_%28guitarist%29
G102
Carding
Fable_II
Ofer_Ben-Amots
Spud_%28game%29
1918_Ohio_State_Buckeyes_football_team
Fear_of_crime
Pump_%28skateboarding%29
Bob_Trice
Night_of_the_Dead
Dinah_the_Dining_Car
Galley_Down_Wood
Black-hooded_Antwren
The_Okai_Collier_Company
Diego_Tlilpotonqui
Trevor_Meier
Ghoul_%28novel%29
Latvian_Museum_of_Architecture
Gary_Weiss
Lithocarpus_edulis
Treaty_of_El_Pardo_%281778%29
Elsa_Peretti
Frederick_Franklin
Stephen_Bauzan
Grid_illusion
Association_of_Art_Museum_Directors
Shikimate_O-hydroxycinnamoyltransferase
Olaf_Barda
Hell_Is_Empty_and_All_the_Devils_Are_Here
Vella_Lavella
Olivier_brothers
Granite_School_District
WBLO
Dynaformer
Derby_Stallion_64
Marcius_%28family%29
Skittish_/_Rockity_Roll
Sweyn_Asleifsson
Charles_A._Hoxie
Albert_Plesman
Gnomonsong
Ap_Chau
Menashe_v._William_Hill
Mazda_AZ-Wagon
Tonosa
Gmina_Go%C5%82dap
Epicnephasia
Factory_committee
Marcel_Gaillard_%28French_footballer%29
Strmo_Rebro
Josh_Stewart
Saal_an_der_Donau
Fashions_of_1934
Empty_Quarter_%28North_America%29
Gravesend_by-election%2C_1947
Ashesh_Prosad_Mitra
Nazareno
Aulnay%2C_Charente-Maritime
Bounding_sphere
MTV_Video_Music_Awards_Japan_2006
2-3_tree
Tetrahydroxy-1%2C4-benzoquinone
Kate_Hoey
Schistura_malaisei
Belgrandiella_pelerei
Transposer
Above_and_Beyond:_The_Encyclopedia_of_Aviation_and_Space_Sciences
Busuanga_Island
Joseph_Mongan
Severino_dos_Ramos_Durval_da_Silva
Henry_Andrews_%28cricketer%29
Akagan%C3%A9ite
Bob_Mellors
Merl_Lindsay
Oncidium_maculatum
1982_Constitution
Carol_Kidu
Odorrana_lungshengensis
Raghav_Sachar
Hastings_Council_election%2C_2004
Tsutsumori_Shrine
NFL_Quarterback_Club
Fiat_Croma
Abraham_J._Williams
List_of_novels%2C_the_action_of_which_takes_place_within_24_hours
Szarglew
Arunagirinathar
Dobry%C5%82%C3%B3wka
Herbert_Mohr-Mayer
Lantern_Theatre
Two_Came_Back
GR_21
Chip_scale_package
Lumineers
Chelopech
R._Wayne_Baughman
Jill_Goodacre
Montenegrin_Second_League_of_Water_Polo
Aly_Hindy
Arcade_Barn
Peter_Imre
Fairhaven_Township%2C_Michigan
Journal_of_American_Studies
Straylight_Studios
Waccamaw_Coast_Line_Railroad
Matt_Thiessen
Roy_Bruner
Anthony_Kelly_%28physicist%29
Shee_Water
Frank_Dyson
Tree_of_Jesse
Guapo_River
Korzkiew
Pietroasa_River_%28Jiu%29
Pepito
Hiram_Kahanawai
International_rankings_of_Costa_Rica
Ross_Gillespie
Monument_Square_Historic_District_%28Boston%2C_Massachusetts%29
Nucleoid
KLJA
1995_Australian_Touring_Car_Championship
16_Greatest_Hits
Fresh_Meadow_Pond
Wallace_Island_Marine_Provincial_Park
Federal_Reserve_Bank_of_Boston
Onay
Ringgenberg
Disa_%28name%29
Michael_D._Griffin
Rumford_fireplace
Eastern_Band_of_Cherokee_Indians
Switzerland_in_the_Junior_Eurovision_Song_Contest
Savigny%27s_Fringe-fingered_Lizard
Federal_agency
Shimanoseki_Station
WGVV-LP
Tri-Valley_Conference
Tereus
Polish_Independence_Day
Grassholme_Reservoir
Antillean_Cave_Rail
Henric_Trenk
Macroglossum_affictitia
Scott_Stewart_%28director%29
French_frigate_Uranie_%281788%29
Nepal_citizenship_law
Balaha_Sadhara
Rounding_the_Mark
Alabama_State_Route_81
Miko%C5%82aj_VII_Radziwi%C5%82%C5%82
Mathilde_Franziska_Anneke
List_of_hospitals_in_Cook_County%2C_Illinois
Anita_%281967_film%29
Shooting_at_the_2004_Summer_Olympics_%E2%80%93_Women%27s_50_metre_rifle_three_positions
John_Landis_Mason
Travuniidae
Khaled_bin_Sinan
Anomozela
Enumerator
Kongens_Lyngby
How_Can_I_Be_Sure
John_Blair_%28disambiguation%29
Terry_Ronald
Kahua_language
GPM6A
Brent_Maddock
Air_One_CityLiner
Meridian_Records
Mark_Knopfler
Vescovato%2C_Italy
Hendersonville_Presbyterian_Church
Glen_Garvie_James_David_Buick
Nesploy
Mammillaria_stella-de-tacubaya
Walla_Walla
Simms%2C_Texas
13927_Grundy
Congress_of_Angostura
Safiya_Songhai
Garry_Shead
Saskatchewan_Highway_18
John_Kearns
Unessential_Listening
Keita_Suzuki
Penny_from_Heaven
Roberto_Bravo
Frederick_I%2C_Duke_of_Lorraine
Ongoing_reliability_test
Hangzhou_Xiaoshan_International_Airport
Marc-Emile_Ruchet
Fort_Wood
Aerodynamic_heating
Raja_Nahar_Singh
Demographics_of_Karnataka
Lissanthe
Everything_You_See
Marmion_Academy
Tolosa-Hunt_syndrome
Court_painter
Gauntlet:_Seven_Sorrows
Monte_Albo_Cave_Salamander
List_of_twin_towns_and_sister_cities_in_the_United_Kingdom
Hechtia_glomerata
The_Queen_of_Attolia
Miss_Chinese_International_Pageant_1999
Monasterolo_del_Castello
5048_Moriarty
Itala
Jay_Hottinger
Panssarimiina_m/36
Podg%C3%B3rze%2C_Lipsko_County
Veronica_Logan
Bavaria_Solarpark
Ramalho_Ortig%C3%A3o
Asa_Breed
Muhammad_bin_Tughluq
Kimara
%C5%8Cgisawa_Station
Mark_Healy_%28footballer%29
Ljubo_Vuki%C4%87
Claude-Fran%C3%A7ois_Fraguier
First_and_Last_and_Always
Greg_Laurie
Chloe_Sullivan
Mega_Man_7
Howes_Brothers
Still_Small_Voices
Megumi_no_Ame
Periyakkottai
Portraiture_in_Ancient_Egypt
Latrodectism
SMS_%28disambiguation%29
Elizabeth_Hartman
Neomorphism
Henrykowo%2C_Ostr%C3%B3da_County
Legislative_district_of_Kalinga
Palau_Blaugrana
Kirsten_Engelstad
The_Fire-Eaters
1950_in_Northern_Ireland
Red_Star_Parcels
Unexplained_Mysteries
Leavittsburg%2C_Ohio
U-lite
John_Michael_Allaby
Stu_Pederson
Bono%2C_Indiana
Roller_furling
Wakeboard_boat
Get_Down_Tonight
Nabis_occidentalis
Marijan_Budimir
Kickapoo
Open_Marxism
Oprah%27s_Favorite_Things
Hamilton_Disston
Malyshev_Factory
Smile_Foundation_of_Bali
C_F_Orr_Stakes
Northwest_Shelf_Transition
William_Michael_Rooke
Prussian_S_4
Weald_%28disambiguation%29
Bounce_%28Terence_Blanchard_album%29
John_Fothergill
Paul_Herlinger
Economy_of_Nigeria
Evergreen_Brightsand%2C_Saskatchewan
Ath_Mansour_Taourirt
Gres_a_Avicula_contorta
List_of_counties_in_Indiana
Fuse_FM
Type_2_Ho-I
Aiketgate
Wright_R-2600
Rebecca_Riley
Anglican_religious_order
Vic_Washington
City_of_Campbelltown_%28New_South_Wales%29
Okami-san
2006_Canadian_incumbents
Kannushi
Mark_Birtles_Project
Paul_Sutton
Mohammad_Boroujerdi
Rescue_Me_%28EuroGroove_song%29
Pelican_Narrows%2C_Saskatchewan
ClanDestine
Lansdowne_Football_Club
Sebasti%C3%A1n_Bartolini
La_herida_luminosa
Mohammad_Rafiq_%28Bangladesh_poet%29
George_III_of_Guria
Borzyszewo
Vin%C2%A2_Clarke
History_of_Karnataka
Flag_of_the_Czech_Republic
William_Lummis
C20H27N
Cadillac-Gage_1_metre_turret
Francisco_Mar%C3%ADa_Piccolo
Christchurch_United
List_of_films_based_on_English-language_comics
Nicolas_Roret
Mike_Briggs
Equilateral_triangle
Consumer_Relationship_System
USS_LST-19
Satan_Triumphant
Baron_Lyttelton
Author
PortAudio
St._Mary%27s_College_of_Maryland
If_You_Need_a_Reason_EP
Historic_Places_Act_1993
Corpus_luteum_cyst
Nasierowo_Dolne
Atl%C3%A9tico_Valdemoro
Sarah_Dunn
Pebble_Beach_no_Hotou
Fuling_Tomb
Administrative_divisions_of_North_Korea
The_Boy_with_Green_Hair
James_Henry_Govier
Edgar_Lawrence_Smith
List_of_awards_and_nominations_received_by_Ray_LaMontagne
WNT8B
La_Chapelle-en-Vercors
Damaraland_Mole_Rat
Carla_Howell
Prinzhorn_Dance_School
Kuga_District%2C_Yamaguchi
1996_in_jazz
Mindoro_Black_Rat
School_Begins
Belfast_South_by-election%2C_1963
1988_Quebec_Esso_Cup
Brochan_Lom
Wickliffe%2C_Virginia
David_Paul_West
2001_Kunlun_earthquake
Saint_Mark%27s_Coptic_Orthodox_Cathedral_%28Azbakeya%29
Elisha_Cuthbert
Thomas_Zaslavsky
Shagufta_Yaqub
Claude_Cat
Gerber/Hart_Library
Marine_software_engineering
Gonson
Part_Eighteen_of_the_Constitution_of_India
Chotynin
Saruhanl%C4%B1
Better_Luck_Tomorrow
Wasabi_%28disambiguation%29
Pratt_%26_Whitney_R-1830
David_Dudley_Field_I
University_of_the_French_West_Indies_and_Guiana
H%C3%A1lfs_saga_ok_H%C3%A1lfsrekka
Popular_Resistance_Army
Euler_brick
Wehani_rice
Changshou_North_Railway_Station
RES-1_Radar
1D-1-guanidino-3-amino-1%2C3-dideoxy-scyllo-inositol_transaminase
Ctelnet
%C3%89milie_Heymans
Oreopanax_avicenniifolius
Hou_Yifan
Craighead_Caverns
Semantic_similarity
Ferland-et-Boilleau%2C_Quebec
1980_election
1971_Topps_All-Star_Rookie_Roster
Islamic_Dawa_Party
Vestibular_evoked_myogenic_potential
Voyage_to_the_Bottom_of_the_Road
The_Essentials_%28Bananarama_album%29
Thanedar_Wala_%28Ramsar_Site%29
Palais_Trautson
Edwin_Swale
Nor%C3%B0urturninn
Centennial_%28album%29
Conor_Lenihan
Augustus%2C_Duke_of_Saxe-Lauenburg
List_of_colonial_governors_in_1886
Born_%28Netherlands%29
Oka_Sho
Saturiwa
List_of_people_from_Damascus
Stab_%28Luftwaffe_designation%29
Denis_Alimov
Sara_Moulton
Ahmad_al-Muhajir
Cucunub%C3%A1
V%C4%83li%C5%9Foara_%28disambiguation%29
Snow_%28comics%29
Scott_Hall
Tigmanshu_Dhulia
Feliciano_Magro
List_of_Singaporean_electoral_divisions_1959-1963
Marc_Maddox
Port_of_San_Juan
Jagat_Singh
Tom_Bethell
Harris_Armstrong
Johan_Fredrik_Kjell%C3%A9n
Jean_Nicolas_Pierre_Hachette
Somerset%2C_Kentucky
Bahraini_Premier_League_1961-62
NZR_RM_class
Mandalay_%28film%29
Bankruptcy_in_the_People%27s_Republic_of_China
Air_Transport_Gendarmerie
Haile_Selassie_I_of_Ethiopia
Podg%C3%B3rzno
The_Chairman_Dances_%28ballet%29
Frans-Andries_Durlet
C%C3%A9sar-Pierre_Richelet
Linton_Alexander
Gambell_Airport
2005%E2%80%9306_North_Carolina_Tar_Heels_men%27s_basketball_team
The_Beatles%27_breakup
Michel_Bastarache_dit_Basque
Samode_Palace
Kendra_Kassebaum
Brian_Corrin
Water_net
Rod_Walker
Berlin_Chair
Mark_XVII
Cockerell
Augusto_Torlonia%2C_3rd_Prince_di_Civitella_Cesi
Kalo_Chorio
Macropiper_excelsum
Spinellus_fusiger
Raglan%2C_Ontario
Smilets_of_Bulgaria
HMS_Calpe_%281800%29
Valerio_Fioravanti
Gross_up_clause
Home_Beyond_the_Sun
It%27s_About_Time_%28Morris_Day_album%29
Dunville%27s_Three_Crowns
NAACP_Theatre_Award_for_Best_Lead_Male_%E2%80%93_Local
List_of_authors_by_name:_F
What%27s_Cooking%3F_with_Jamie_Oliver
Shut_Up_and_Kiss_Me_%28film%29
Franz_Xaver_Dieringer
Dooby_Dooby_Moo
Mad_Dogs
Local_Colour:_Travels_in_the_Other_Australia
Makra
The_Meanies
Journal_of_Computational_Biology
List_of_Unitarian%2C_Universalist%2C_and_Unitarian_Universalist_churches
North_Kingstown_High_School
Mudaria
1981_FA_Cup_Final
Rock_Dam_Lake
A._C._Gilbert_Company
Ajit_Ninan
Today%27s_Farmer
ArmA:_Armed_Assault
Land_of_Make_Believe_%28album%29
Fritz_Hippler
Giordano_Turrini
Nasal_cannula
Otherside
Che_Mian
FWN
F._Jay_Nimtz
David_Sholtz
Micromacronus
