Light_Up_The_World
Granz
International_Superstar_Soccer
Heineken_Open_%28tennis%29
Chilips
Folsom_Lake
Nowy_Dworzec
Alphonse_Varney
Emma_Howson
Castle_Crags_Wilderness
Bolbeno
Mieleszkowce_Paw%C5%82owickie
David_Henderson_MacDonald
Miss
Crutching
Bhandari_Ram
List_of_Nobel_laureates_in_Physiology_or_Medicine_by_age
Marcus_Roscius_Coelius
Mine_Kill_State_Park
Gladsaxe_Municipality
Centreville_High_School
History_of_aesthetics_%28pre-20th-century%29
Slobodan_Kova%C4%8Devi%C4%87
Bernhard_Riksfjord
Florian_Sturm
Galway_United_F.C.
Latin_square
Xia_Sang_Ju
Trsten%C3%A1
Alexandre_Cabanel
Ruska_Wie%C5%9B%2C_E%C5%82k_County
Jonathan_Vilma
Rohit_Vyasmaan
The_Story_of_the_Ghost
Pyotr_Mozharov
Dakhanwadi
Mercedes-Benz_R129
George_Soros
Ratibo%C5%99_%28Vset%C3%ADn_District%29
Cowdenbeath_F.C.
Kevin_McMahon_%28Gaelic_footballer%29
WHA_Amateur_Draft
Brithura
Cers
Kim_Zetter
Cell_therapy
Catherine_Enjolet
Cobeta
Gay_Witch_Hunt
Edward_Bartlett_%28disambiguation%29
Pennsylvania_Route_74
Enterostomal_therapist
Moran_Medal
Ordfront
Tom_Thurman
William_Maitland_of_Lethington
Cacamatzin
Ting_Chao
Laguna_del_Marquesado
Sleeper_x
Jordan_Brown_%28baseball%29
Slade_Centre_for_Electronic_Media_in_Fine_Art
USS_Kerkenna_%281900%29
Jegenstorf
Wentworth-Gardner_and_Tobias_Lear_Houses
Anita_%C3%81lvarez_de_Williams
Hall%27s_Harbour%2C_Nova_Scotia
Muhibullo_Abdulkarim_Umarov
Mar%C3%ADa_Mercedes
Silver_Steep_Partners
National_Conference_of_Democratic_Mayors
Anibal_Jos%C3%A9
Isaac_Bell
Fischer-Z
The_Craig_School
Dov_Gazit
Zelen%27s_design
Belmont%2C_Portage_County%2C_Wisconsin
Zenit-2
Self-similar_process
Simone_Hankin
DbMotion
Twinstick
Svenne_Hedlund
Saint_Justinus%27_church%2C_Frankfurt-H%C3%B6chst
Nom_Du_Jeu
Namazlar
Caliphs_of_Cairo
Pentacene
Marcos_Gonz%C3%A1lez_de_Balcarce
Judaai_%281980_film%29
Charles_W._Dorman
1971_France_rugby_union_tour_of_South_Africa
Quethiock
Mendelssohn_family
Font_%28disambiguation%29
Weitersfeld
Yamaha_FZ750
RNIE_1
Sprut_anti-tank_gun
Australian_Monarchist_League
NGC_6072
First_player_win
The_beatings_will_continue_until_morale_improves
Bia%C5%82a_K%C4%99pa
Tom_Snijders
Gerry_Hart
List_of_casinos_in_Mississippi
EMDT
William_Faithorne
Boris_Mikhailov
Ry%C5%84skie_Pole
The_Daily_Item
Kaisheim_Abbey
MTV_Youth_Icon_of_the_Year
The_Morning_Gift
National_Cyclo-cross_Championships
Alipate_Tani
Greer_Robson
Mark_Ashley
Gennadi_Denisov
Celtics_United
Saint-Fran%C3%A7ois-de-l%27%C3%8Ele-d%27Orl%C3%A9ans%2C_Quebec
Coat_of_arms_of_C%C4%83l%C4%83ra%C5%9Fi
Ultra_%28Malaysia%29
Donauturm
Miyukitsuji_Station
Vilayur
Linear_Transformer_Driver
Tomoyuki_Tanaka
FatWallet
B%C5%82enna_A
Cherry_Tree%2C_Oklahoma
Schlotzsky%27s
Anders_%C3%85gnes_Konradsen
Congo
Will.i.am_production_discography
John_Clawson
Juli%C3%A1n_Sim%C3%B3n
Albert_Paulsen
Tavisuplebis_Moedani_%28Tbilisi_Metro%29
James_Canton
United_States_at_the_2002_Winter_Olympics
Coin_test
Kiryat_Motzkin
Obtuscampa
Kaewsan_Atibodhi
Burgschleinitz-K%C3%BChnring
Stein_H._Annexstad
EtosTV
Tiffany_lamp
Stade_de_Gen%C3%A8ve
List_of_products_discontinued_by_Apple_Inc.
Sci_Fi_Investigates
Bartow%2C_Germany
Oddfellows%27_Hall
Rajoke
Irish_League_1900%E2%80%9301
Sux
Arrow_Comics
PbNation
St._John%27s_Cathedral%2C_St._John%27s
California_Pacific_Computer_Company
Calamagrostis_expansa
Entertainment_Tonight_Canada
Angel_Paz
Skaterdater
Gan_Kim_Yong
Beltane_%28disambiguation%29
Pugu
The_Woodlands_School_and_Sports_College
Hermogenes_of_Priene
Phra_Wihan_Formation
Quebec_Route_230
The_Virginian-Pilot
Doddington%2C_Cheshire
Calceolaria_gossypina
Sidney_Barthelemy
Gols
Alberta_Junior_Hockey_League
ESENGRA
George_Forrester_%28footballer_born_1927%29
The_Last_Open_Road
Prolimnophila
Ganewatta
WODZ-FM
Gentlemans_Pistols
Crimson_Moon
Religious_significance_of_Jerusalem
Felice_Romani
Ophirionopsis
Grant_Cornwell
Hansr%C3%BCdi_Engler
DS_Download_Station
Crawleyside
5732_%28Hebrew_year%29
Tomas_Svensson
Christopher_Smith_%28English_actor%29
Masuura_Station
Powerhouse_%28comics%29
Carrick_Paul
Tourniquet_%28disambiguation%29
511_Bathurst
Totontepec_Villa_de_Morelos
The_Last_Rebel
Cynthia_von_Buhler
Green_Cove%2C_Newfoundland_and_Labrador
Football_Federation_of_the_4th_Department_Guair%C3%A1
Only_a_Poor_Old_Man
Brown_v._Van_Braam
Jupiter_%28novel%29
Knezha_Municipality
Ssese_Islands
Waitahora_Lagoon
Ivanhoe_Cambridge
Tamil_phonology
Battle_of_Platzberg_%281794%29
Chinaman%27s_Hat_%28Port_Phillip%29
R%C3%BCk
The_Good_Thief_%28novel%29
Solkwitz
Roggwil%2C_Thurgau
Mark_Lathwell
La_Paz%2C_Tarlac
Contrabass_guitar
Charles_Bonnet
Get_Shakes
Ahmad_Sharbini
La_Bolt%2C_South_Dakota
Alias_the_Spider
European_route_E76
The_Olsen_Gang_%28film%29
Antti_Nyk%C3%A4nen
Carlos_Manzano
Halsted_Street
Jack_Humphrey_%28producer%29
Marsh_Lake%2C_Yukon
Edward_Graham
Eug%C3%A8ne_Grisot
Gro%C3%9F_Vielen
Adolfo_Ballivi%C3%A1n
Distribution_of_wealth
Princess_Antoinette%2C_Baroness_of_Massy
Ahrem
For_a_Few_Stories_More
Apophallation
62nd_Medical_Brigade_%28United_States%29
Pachlakhi
Partnership_for_Enhancing_Agriculture_in_Rwanda_through_Linkages
Labine
Hohenzieritz
Porsche_550_Spyder_replica_electric_conversion
Kol_Tsion_HaLokhemet
James_Eckford_Lauder
Dibina
Thomas_Cooke_%28bishop%29
Pan_American_Silver_Corporation
Gordon_Ross_%28rugby_union%29
TERREX
Brat%C5%99ejov
Mobile_radio_telephone
Franklin%2C_Manitoba
Sheffield_University_Bankers_Hockey_Club
John_Jett
Frederick_J._Jackson
Kenneth_Paproski
Abantis
2008_UCI_Cyclo-cross_World_Championships
Deborah_Mailman
Gettysburg_furniture_companies
Happy_Holiday_%28Jo_Stafford_album%29
Michael_Walter_%28American_football%29
Scavengers%27_Paradise
Joanna_Connor
Francis_Malbone_House
Hideshi_Hamaguchi
Shell_Building
Limerigg
Project_Enlightenment
Maine_Township%2C_Grundy_County%2C_Illinois
Losing_Sleep
Mark_Gasiorowski
Ulster_Under-21_Football_Championship
South_African_cricket_team_in_England_in_1960
Delray_Beach_WCT
Walter_Francis_White
Please_Hear_Mr._Flight_Control
Emmanuel_Blamires
Jane_Clemons
Spot-on
Gonga%2C_Bam
Hartman_High_School
Daniel_Malmedahl
Carrie_Olver
Celinda_Pink
Josef_Jacobs
Flyback
PTX3
Melchior_Broederlam
Biomass_Thermal_Energy_Council
Ache
H%C3%A9nansal
George_Hogg
Frank_Mooney
Hantec
John_McIntyre_%28ice_hockey%29
Nokia_2110
Transmembrane_protein
Brand_Velocity
The_Acacia_Strain
Joseph_Passerat
George_Wilkins
Johan_Jansen
St._Giles-Church_in_Inow%C5%82%C3%B3dz
Grand_Rapids_Public_Library
Mark_Reynolds_%28footballer%29
Bahraini_Premier_League_1987-88
John_M._Riebe
Shirley_Thomas_%28USC_professor%29
Sautso
Ukri_parish
Psamatodes
Little_Gloomy
Pot-Pourri_%28disambiguation%29
Johnson_Box
Henryana
Central_Avenue%2C_Albany%2C_New_York
UK_National_Steak_Week
Alliance_High_School_%28Portland%2C_Oregon%29
Zunfthaus_zur_Haue
Ash_Shawashinah
The_Vulgar_Boatmen
Marianas_Trench_Marine_National_Monument
Grant_O._Gale
Marco_Polo_%28disambiguation%29
African_Leadership_Academy
Ulmus_parvifolia_%27Emer_I%27
Edward_Andrews_%28disambiguation%29
Huta_G%C3%B3rna
Operation_Corridor
Nyungwea
Outline_of_Antigua_and_Barbuda
Schober%27s_test
U_Remind_Me
Broad-tailed
Variety_Television_Network
Gino_Rossi
Agriculture_in_Spain
Just_Say_Yesterday_%28album%29
Evergestinae
UKstreetsounds
Central_Canada_Comic_Con
Crowley_Elementary_School
Columbian_press
Nowy_Karolew
Apparent_wind
He%27s_Mine
National_Register_of_Historic_Places_listings_in_Wasco_County%2C_Oregon
Armin_Vilas
Nickelodeon_%28Hong_Kong%29
Autouillet
Christy_Award
Hijra_%28Islam%29
Rogowice
Sex_change_%28disambiguation%29
Dryocalamus_gracilis
VALS
The_War_of_the_End_of_the_World
Dervi%C5%9F
Frank_A._McLain
USS_Buckley_%28DE-51%29
Larry_Lemons
Conker_%28series%29
Sven_Gr%C3%BCnberg
Qatayef
Edwin_Maxwell
Kapoo
Kentzlin
Meganyctycia
Ron_Hughes
Carole_Bayer_Sager
Adam_Larsen_Kwarasey
Ultra_low_expansion_glass
Frango
Buckley_Petawabano
Sara_Little_Turnbull
Star_Gladiator
Ministry_of_Education_%28Republic_of_China%29
Charles_Blount_%28Portsmouth%29
2007_Danish_Cup_Final
Pi_Beta_Phi
Eva_Isaksen
Nana_Osei_Bonsu_II
Steele_Indian_School_Park_Pond
Philip_Wheeler
German_Apsara_Conservation_Project
Ding_ware
Aratashen
Tear_down_this_wall
Clara_Edwards
2004_World_Matchplay_Darts
Spensha_Baker
Tennis_Federation_of_Montenegro
Kosovo_Operation_%281944%29
ITV_Nightscreen
Hjalmar_Peterson
Two_Medicine_River
Meng_Po
Mulenge
Violarite
Len_Strazewski
Otxandio
Salute_%2821_Guns_album%29
Polyester_%28film%29
Hetz_%28political_party%29
Yogacara
Nastassia_Novikava
Stenson%2C_Derbyshire
Upper_Thames_Rowing_Club
Christian_Loamanu
M%C3%A1ria_Mezei
The_In_Crowd
Mwata_Yamvo
Pimhill
Wexford_GAA
Charles_Curran
HOXB8
Judy_Strong
Jiuzhou_Port
CSLR
Percut_Sei_Tuan
Hurricane_Alice_%28December_1954%29
Facultative_anaerobic_organism
Kyurabazly
15th_Legislative_Assembly_of_Puerto_Rico
LRO
Cyclohexanol
Defense_Information_Systems_Agency
Actual_Art
Reach_Music_Festival
P._K._Gurudasan
Torre_Mahou
Congress_of_Democrats
Glenn_Jones
Crimewatch_2008
Dou_Yizhi
Aleck_Gumbo
Spectrin%2C_alpha_1
Effect_of_climate_change_on_plant_biodiversity
Goring_and_Streatley_Bridge
Jim_Peacock
Egersund_Station
Gheorghe_Mironescu
Speedup
Rovers_%28Australia%29
Jimmy_O%27Connor_%28author%29
Carlos_E.M._Wagner
King_Hui_of_Wei
Anton_Thraen
Maiori
Navios_Maritime_Holdings
Barry_Biggs
Digital_Item_Declaration_Language
Chakapara
Cross_Country_USA
Gwaneumsa_%28Seoul%29
Homrogd
HMS_Owen_Glendower_%281808%29
Maccabi_D%C3%BCsseldorf
Laanui
Jerwood_Sculpture_Prize
Virtual_field_trip
Indian_political_scandals
Klausen_Pass
Merryland
Joseph_Toussaint_Reinaud
List_of_highways_numbered_279
Extended_Play_%28Denver_Harbor_EP%29
London_International_Mime_Festival
Mustis
Delingha_railway_station
Vitex_negundo
Special_Beanie_Babies
Tarzan_the_Tiger
Harpadispar
American_Bearing_Manufacturers_Association
Briz_District_%28Tagum_City%29
NBA_Rookie_of_the_Year_Award
Wrexham_General_railway_station
Nowhere_dense_set
Stoycho_Stoilov
Diamant_%28film%29
Photographs_%28Casiopea_album%29
Akademi_Fantasia%2C_Season_4
Patricia_Gras
Sandy_Pond_Beach_Unique_Area
Zaheer_Khan
Wanding_Town
Rax
Nightmaster
Johan_Alc%C3%A9n
Sussex_Ouse_Valley_Way
Allersee
R%C3%ADo_Arenas_%28Yabucoa%2C_Puerto_Rico%29
Generalissimus_of_the_Soviet_Union
American_Idol_alumni_album_sales
Ta_Det_Lugnt
Lingbao%2C_Henan
%C3%89tr%C3%A9chy%2C_Cher
B%C3%B8rge_Brende
Gary_Shaw_%28Australian_footballer%29
Samuel_Gray
Gina_Mellotte
Byron_Barr
Valerio_Mastandrea
South_Australian_state_election%2C_1915
Nightlight_%28film%29
Tom_Nolan_%28actor%29
Thermodesulfobacteria
Zoran_Dimitrijevi%C4%87
You_Think_You_Know_Someone_%28Flashpoint_episode%29
5272_Dickinson
Thripias
Broadkill_River
Hey_willpower
Georgi_Veselinov_%E2%80%93_Zograf
Martin_Four
Puestow_procedure
Bethesda_Athletic_F.C.
Pacific_Garden_Mission
Yoshinobu_Kanemaru
Essam_El-Hadary
Corky_and_the_Juice_Pigs
Coral_Springs_Center_for_the_Arts
Liu_Shao
Ballyness
WD_B1620-26
Cormorant_oilfield
Bulbophyllum_prorepens
Soisy-sur-Seine
Jackie_Gallagher_%28triathlete%29
South_by_Southwest
Tze_Ming_Mok
Baragaon%2C_Nalanda
Hugo_Egmont_H%C3%B8rring
Une_petite_fran%C3%A7aise
Samuel_Benedict
Imogene%2C_Iowa
Paul_Rieckhoff
Michael_Langer
List_of_Muni_Metro_stations
Charles-Joseph%2C_7th_Prince_of_Ligne
99906_Uofalberta
Kanchanaburi_%28disambiguation%29
Five_Points_%28MARTA_station%29
2009%E2%80%9310_Scottish_First_Division
Printing_telegraph
Nabil_Kassel
Diocese_of_Nicosia
Michael_Thomas_Bass%2C_Jr.
The_Revival_%28UK_magazine%29
Joyland_Amusement_Park_%28Wichita%29
Ctenochaetus_tominiensis
Exorcist_II:_The_Heretic
Zach_Wamp
Olchowiec%2C_Bi%C5%82goraj_County
Palla
Zhou_Weiqi
Gruszowski_coat_of_arms
UCC%26BM
Korochun
One-pass_algorithm
Richard_Pepper_Arden%2C_3rd_Baron_Alvanley
1993_vote_of_confidence_in_the_government_of_John_Major
Giant_Sunbird
Rytomoczyd%C5%82a
St_Clare_of_Assisi%2C_Middlesbrough
HMS_Archer
List_of_Pittsburgh_Steelers_starting_quarterbacks
Acid-base_homeostasis
Classical_Hindu_law
Greenbury_Point_Light
Life_%28Sly_and_the_Family_Stone_album%29
Free_ascent
Terakh
Pokharel
Australian_Professional_Rodeo_Association
Avonwick_railway_station
PXK
Let%27s_Ride_%28album%29
Guilty_Gear_X
Daniel_Houghton
Anatoly_Kartashov
Ohio_State_Route_2
River_Dhoo
List_of_sovereign_states_in_1860
Las_Vegas_Wranglers_seasons
Nathan_Cunningham
2007_Karbala_bombings
W%C5%82adys%C5%82aw_Heinrich
Wilcox_Rebellion_of_1889
Adrian_Erlandsson
William_Burges_%28Australian_politician%29
Stephen_Quadros
Soci%C3%A9t%C3%A9_Latham
Fitchburg
Swiss_Music_Charts
Mnichowo%2C_Greater_Poland_Voivodeship
List_of_civil_parishes_in_Cumbria
Three-Dragon_Ante
Roger_Walsh
Gao_Enhong
Tyrone_Power
Pale-tipped_Inezia
Zami:_A_New_Spelling_of_My_Name
Tantra
Azis_Efendi_Gjirokastra
Tim_Royes
Leucodonta_bicoloria
Norwegian_Academy_for_Language_and_Literature
Haibara_Station
Jeff_Most
Robert_Mitsuhiro_Takasugi
Alfred_Robert_Wilkinson
Union_badge_of_Norway_and_Sweden
Caslon_%28disambiguation%29
Limburg_Chronicle
WCVX
Angeliki_Antoniou
Field_archery
Sergen_Yal%C3%A7%C4%B1n
Andrea_Strnadov%C3%A1
Mebane_Holoman_Burgwyn
Zwierki
C%C4%83ile_Ferate_Rom%C3%A2ne
Gero_Miesenb%C3%B6ck
L.O.V.E_%28album%29
Jim_Sonefeld
Tom_Liner
Manchester_Small-Scale_Experimental_Machine
Understanding_by_Design
Diplomystes
Treadwear_rating
History_of_health_care_reform_in_the_United_States
Schizodactylidae
Tariffville_Historic_District
Shiloh_%28novel%29
Minkowski_distance
Francesc_Layret
Jon_Siebels
New_York-Pennsylvania_League_%28early_20th_century%29
The_Loving_Spirit
Radical_12
Robert_Fischell
List_of_Roman_Catholic_seminaries
Rhizome_%28disambiguation%29
Ismail_Haniyeh
St_Bartholomew%27s_Church%2C_Quorn
Party_Doll
Waumandee%2C_Wisconsin
Stade_de_Maradi
FK_%C5%BDelezni%C4%8Dar_Lajkovac
Ann_Shipley
Chime_%28bell_instrument%29
Poison_gas_in_World_War_I
Protos_o_Hlios
Sf%C3%A2ntu_Gheorghe_branch
Fults
Witham_Marshe
KWMX
Gastromyzon_megalepis
KSKE
Hell_Freezes_Over
Dick_Grant
Andrei_Poverlovici
George_L._Forbes
Four_Oaks_railway_station
St._Nicholas%27_Primary_School
Sixstepsrecords
496_Gryphia
List_of_state_leaders_in_1208
Burkarty
Blue_Cheer
William_W._Hoppin
Kumar_Sanu
Beluj
I_Come_in_Peace
Applied_academics
Pornoviolence
Ayranc%C4%B1
KSSQ-LP
Anafiel_Delaunay
Forano
Music_of_Phish
Benjamin_Heckendorn
Francis_Ng
Advaldo
The_Trojan_Women
Roggenburg%2C_Basel-Country
Gnokii
Galileo%27s_Leaning_Tower_of_Pisa_experiment
Gorgon_%28Inhuman%29
Subcortical_ischemic_depression
Blobbiemorphers
Rugby_union_in_Cameroon
Jason_Harris_%28footballer_born_1969%29
Violadores_del_Verso
Athletics_at_the_1928_Summer_Olympics_%E2%80%93_Men%27s_decathlon
Claudia_Serpieri
Channel_22
Hindustan
Suzuki_M_engine
Tangstad
Inex
Freezer_Queen
Johnny_Pye_and_the_Fool-Killer
Mituva
Anna_Langford
Discourse
Alfred_Rochon
Szabda
The_Adventure_of_the_Yellow_Curl_Papers
James_E._Miller
Sun_Newspapers
Bill_Helin
Roman_Catholic_Diocese_of_Angoul%C3%AAme
Art_and_architecture_of_Assyria
Gina%27s_Laughing_Gear
Falster
Ghauri_%28missile%29
CBS_Sports
Sonja_Nef
Guangzhou_Academy_of_Fine_Arts
Jeroham
Radhakrishna_Padayachi
Global_Environment_Facility
Geraint_Davies
Brian_MacLellan
Beno%C3%AEtville
How_to_be_Good
Das_Herz_der_K%C3%B6nigin
Jean-Baptiste_Troppmann
Checkmates
Tachycineta
Hearts_Adrift
Upper_Peoria_Lake
Lebbeus
Singleton_bound
David_Zajas
Viking_program
Yao%2C_Chad
Fausta_%28opera%29
Sherwin_Bitsui
Pheosia_tremula
Longest_English_sentence
Alpine%2C_Arizona
2006%E2%80%9307_Atlanta_Thrashers_season
Civil_Aviation_Authority_of_Uganda
Tim_Morris
Walter_Casaroli
Defence_Helicopter_Flying_School
Signature_image_processing
The_Man_with_the_Golden_Gun_%28novel%29
Rhein-Neckar-Kreis
Old_Courthouse_%28St._Louis%2C_Missouri%29
Relevance_theory
Sharon_Kips
Ola_T._L%C3%A5nke
Sfengus
Princeton_Application_Repository_for_Shared-Memory_Computers
List_of_Anaheim_Ducks_award_winners
Beth_Shalom
James_Davis_%28cornerback%29
P._J._Carey
Centronia_mutisii
Ve%C4%BEk%C3%A9_Revi%C5%A1tia
George_Reynolds_House
Jos%C3%A9_Mar%C3%ADa_Forqu%C3%A9
List_of_Arizona_Diamondbacks_Opening_Day_starting_pitchers
Falkirk_Stadium
William_D._Morrow
Tur%C4%8Dianske_Teplice_District
Neil_Johnson_%28basketball%29
Omeath
Nadadores
Blindfold:_Acts_of_Obsession
Ballet_Theatre_of_Maryland
Akron_Aeros_seasons
Bill_Gunston
1991_England_Challenge_Cup
Hypersonic_flight
South_Bedfordshire_%28UK_Parliament_constituency%29
What_Happens_Tomorrow
Technological_Forecasting_and_Social_Change
Brava_Island_League
One_More_Night_%28Sandie_Shaw_song%29
USS_Carney_%28DDG-64%29
11_Freunde
Nainathivu
Yearbook_of_the_Association_of_Pacific_Coast_Geographers
Petersham_RUFC
Antoine%27s_necklace
Cornerstone_%28song%29
Roger_L%C3%A9v%C3%AAque
Inverse-Wishart_distribution
Diving_at_the_2008_Summer_Olympics_%E2%80%93_Women%27s_10_metre_platform
University_of_the_South_Pacific
Ion_Ungureanu
Marino_Morosini
Utinga_River
Lena_Adelsohn_Liljeroth
Akins
Duchess_Elisabeth_Christine_of_Brunswick-L%C3%BCneburg
Institut_de_N%27Djili
Outsider_music
Being_%28album%29
WUVC-DT
Hassan_Almrei
Isfossnipa_Peak
Interstate_464
Jonasz_Szlichtyng
Tartaruchi
Rotary_Scholarships
Anting_%28bird_activity%29
Joe_Simpson_%28artist%29
Ben_Lane_Print_Shop
Lil_Wyte
Thierry_Arbogast
Long_Tall_Shorty
Creature_Features
Wooddale_Church
Museum_for_African_Art
Zambanega
Jen_Chapin
Frans_Andriessen
Doctor%27s_Orders
Al_Denson_%28American_football%29
The_Mechanical_Man
Bible_Society_of_India
Museum_of_Italian_Art
Cabrillo_National_Monument
Roberts_Chapel
2002_DFS_Classic_%E2%80%93_Singles
J%C3%A9r%C3%B4me_Coppel
Bishop_Kelly_High_School
Pirate_code
Miron%C3%B3w
Swan_galaxias
Suzani_textile
Chinese_Tatars
21_Lutetia
Valladolid_debate
Pedro_Guerrero_%28composer%29
Bayan-%C3%96nd%C3%B6r%2C_%C3%96v%C3%B6rkhangai
Big_%26_Small
Valentine_One
Georgia%27s_12th_congressional_district
Ornatotholus
Baldrige
Yahhh%21
How_to_Succeed_in_Business_Without_Really_Trying_%28film%29
Herman_Lintvelt
Lowell_Wagner
Li_Kenong
USS_Chandler_%28DDG-996%29
Henry_Samuel_Priest
Gamleys
Yabea
Fenton_Keogh
Victor_Zsasz
G%C3%BCnserode
Palmyra_High_School_%28New_Jersey%29
Forever_Young_%28Bone_Brothers_album%29
Inner_Ring_Road%2C_London
E.ON_US
Monoville%2C_California
Asclepiades_Pharmacion
Robert_B._Cranston
Sidi_Bou_Said_%28band%29
Phippsburg_Elementary_School
List_of_asteroids/65101%E2%80%9365200
1958_in_India
World%27s_Largest_Buffalo
Paul_Pierson
Brickellia_grandiflora
Edith_Lank
Kelso_%28horse%29
Philip_VanKoughnet
Yevgeny_Khaldei
St._Gallen_thaler
Time_Travel_Is_Lonely
John_Waters_%28filmmaker%29
Vera_Williams
Kaufman_House
Utoni_Nujoma
RSS-DEV_Working_Group
Brazilian_cruiser_Bahia
Anansi
M._Pleikner
Asia-Pacific_region
Inn-yard_theatre
1289_in_Italy
2009_Kerry_Senior_Hurling_Championship
Mercantile_Stores_Company%2C_Inc.
Mezivrata
Eleutherodactylus_augusti
Puerto_Rico_at_the_2008_Summer_Paralympics
Joel_Hinman
Hakia
Good_Homes_Alliance
Music%2C_Thought%2C_and_Feeling
Police_and_Border_Guard_Board
Sian_Webber
H%C3%A6ha
List_of_Miss_Venezuela_editions
Kholi%2C_Paphos
Alusi
Orneae
Takayoshi_Sakai
Total_Eclipse_%28comics%29
Reflections_%28B.B._King_album%29
Andrew_Kooner
Look_Back_in_Anger_%28disambiguation%29
Robert_Beverley%2C_Jr.
List_of_asteroids/143301%E2%80%93143400
Pamantasan_ng_Lungsod_ng_Maynila_%28disambiguation%29
Secundrabad_Express
Guardian_Force
Yelena_Isinbayeva
Samuel_Pi%C3%A8tre
To_Market%2C_to_Market_%28SATC_episode%29
William_Gayley_Simpson
Duke_of_Swabia
National_Register_of_Historic_Places_listings_in_St._Louis_%28city%2C_M%E2%80%93Z%29
The_Final_Riot%21
Loganville%2C_California
Ephriam_M._Baynard_House
Perpetual_flower
USS_Resolute_%281860%29
List_of_S.L._Benfica_filiations
Gheorghe_N%C4%83stase
Johan_Meriluoto
Pacific_Lutheran_University
Alfred_Davidson
Leslie_Pine
L.B._Sriram
World_records_at_the_2004_Summer_Olympics
Lev_Nussimbaum
Battle_of_Wolf_359
Here_and_Elsewhere
Political_parties_in_the_United_States
Santa_Mar%C3%ADa_de_Chicmo_District
Krakowiak
Cleidson_Rodrigues_dos_Santos
David_Fenton
Karl_Woermann
WLIT-FM
The_Dinosaur_Times
Hawai%27i_Bowl
Chempark
Cape_Meares%2C_Oregon
Pintel_and_Ragetti
Socialist_Party_of_Romania
Asociaci%C3%B3n_de_Gu%C3%ADas_Scouts_de_Bolivia
Zastawie%2C_West_Pomeranian_Voivodeship
John_C._Breckinridge_Memorial
El_Hadjar_District
KICT-FM
Anita_B%C5%82ochowiak
Frederick_Halliday
LGBT_rights_in_Costa_Rica
Maurizio_Bevilacqua
Darvel
Scouting_in_the_Northern_Mariana_Islands
Kinetic_PreProcessor
Bullseye_electric_ray
Clara_Hughes
Edward_Colman
Roman_Catholic_Diocese_of_Limburg
Electrobel
Brian_Penton
Horyn_River
Lit_de_Justice
Vancouver_Film_and_Television_Forum
John_Williams_%28evangelical_cleric%29
Sunoh
Technos_acxel
Sound_transmission_class
Houston_mayoral_election%2C_2009
High_%26_Dry
Cernusco_Lombardone
Edd_Hendee
Macchi_M.16
Trans_Australia_Airlines_Flight_538
Michael_Gray_%28actor%29
Ziepniekkalns
Trichinella_spiralis
International_Roller_Sports_Federation_%E2%80%93_Inline
Arctowski_Nunatak
Toilet
