http://achilles.cse.tamu.edu/wiki/articles/u/n/i/United_States_09d4.html
http://achilles.cse.tamu.edu/wiki/articles/f/r/a/France.html
http://achilles.cse.tamu.edu/wiki/articles/e/n/g/England.html
http://achilles.cse.tamu.edu/wiki/articles/u/n/i/United_Kingdom_5ad7.html
http://achilles.cse.tamu.edu/wiki/articles/g/e/r/Germany.html
http://achilles.cse.tamu.edu/wiki/articles/c/a/n/Canada.html
http://achilles.cse.tamu.edu/wiki/articles/w/o/r/World_War_II_d045.html
http://achilles.cse.tamu.edu/wiki/articles/a/u/s/Australia.html
http://achilles.cse.tamu.edu/wiki/articles/c/e/n/Census.html
http://achilles.cse.tamu.edu/wiki/articles/j/a/p/Japan.html
http://achilles.cse.tamu.edu/wiki/articles/i/n/d/India.html
http://achilles.cse.tamu.edu/wiki/articles/l/o/n/London.html
http://achilles.cse.tamu.edu/wiki/articles/i/t/a/Italy.html
http://achilles.cse.tamu.edu/wiki/articles/p/o/p/Population_density.html
http://achilles.cse.tamu.edu/wiki/articles/n/e/w/New_York_City_1428.html
http://achilles.cse.tamu.edu/wiki/articles/m/a/r/Marriage.html
http://achilles.cse.tamu.edu/wiki/articles/s/q/u/Square_mile.html
http://achilles.cse.tamu.edu/wiki/articles/p/e/r/Per_capita_income.html
http://achilles.cse.tamu.edu/wiki/articles/s/p/a/Spain.html
http://achilles.cse.tamu.edu/wiki/articles/u/n/i/United_States_Census_Bureau_2c85.html
http://achilles.cse.tamu.edu/wiki/articles/e/u/r/Europe.html
http://achilles.cse.tamu.edu/wiki/articles/n/e/w/New_York_3da4.html
http://achilles.cse.tamu.edu/wiki/articles/c/a/l/California.html
http://achilles.cse.tamu.edu/wiki/articles/s/c/o/Scotland.html
http://achilles.cse.tamu.edu/wiki/articles/r/u/s/Russia.html
http://achilles.cse.tamu.edu/wiki/articles/v/i/l/Village.html
http://achilles.cse.tamu.edu/wiki/articles/c/h/i/China.html
http://achilles.cse.tamu.edu/wiki/articles/p/o/l/Poland.html
http://achilles.cse.tamu.edu/wiki/articles/w/o/r/World_War_I_9429.html
http://achilles.cse.tamu.edu/wiki/articles/p/a/r/Paris.html
http://achilles.cse.tamu.edu/wiki/articles/s/w/e/Sweden.html
http://achilles.cse.tamu.edu/wiki/articles/e/n/g/English_language.html
http://achilles.cse.tamu.edu/wiki/articles/n/e/w/New_Zealand_2311.html
http://achilles.cse.tamu.edu/wiki/articles/b/r/a/Brazil.html
http://achilles.cse.tamu.edu/wiki/articles/m/e/x/Mexico.html
http://achilles.cse.tamu.edu/wiki/articles/n/e/t/Netherlands.html
http://achilles.cse.tamu.edu/wiki/articles/i/r/e/Ireland.html
http://achilles.cse.tamu.edu/wiki/articles/r/o/m/Romania.html
http://achilles.cse.tamu.edu/wiki/articles/n/o/r/Norway.html
http://achilles.cse.tamu.edu/wiki/articles/s/w/i/Switzerland.html
http://achilles.cse.tamu.edu/wiki/articles/s/o/v/Soviet_Union_ad1f.html
http://achilles.cse.tamu.edu/wiki/articles/e/n/d/Endemism.html
http://achilles.cse.tamu.edu/wiki/articles/s/o/u/South_Africa_1287.html
http://achilles.cse.tamu.edu/wiki/articles/r/u/s/Russian_language.html
http://achilles.cse.tamu.edu/wiki/articles/t/e/x/Texas.html
http://achilles.cse.tamu.edu/wiki/articles/a/u/s/Austria.html
http://achilles.cse.tamu.edu/wiki/articles/h/a/b/Habitat.html
http://achilles.cse.tamu.edu/wiki/articles/p/e/n/Pennsylvania.html
http://achilles.cse.tamu.edu/wiki/articles/u/2E/s/U.S._state_5a68.html
http://achilles.cse.tamu.edu/wiki/articles/a/c/t/Actor.html
http://achilles.cse.tamu.edu/wiki/articles/g/e/r/German_language.html
http://achilles.cse.tamu.edu/wiki/articles/f/r/e/French_language.html
http://achilles.cse.tamu.edu/wiki/articles/n/o/r/North_America_e7c4.html
http://achilles.cse.tamu.edu/wiki/articles/f/l/o/Florida.html
http://achilles.cse.tamu.edu/wiki/articles/b/e/l/Belgium.html
http://achilles.cse.tamu.edu/wiki/articles/t/e/l/Television.html
http://achilles.cse.tamu.edu/wiki/articles/g/r/e/Greece.html
http://achilles.cse.tamu.edu/wiki/articles/p/h/i/Philippines.html
http://achilles.cse.tamu.edu/wiki/articles/o/n/t/Ontario.html
http://achilles.cse.tamu.edu/wiki/articles/a/r/g/Argentina.html
http://achilles.cse.tamu.edu/wiki/articles/a/m/e/American_football.html
http://achilles.cse.tamu.edu/wiki/articles/r/o/m/Rome.html
http://achilles.cse.tamu.edu/wiki/articles/p/a/k/Pakistan.html
http://achilles.cse.tamu.edu/wiki/articles/f/i/l/Film.html
http://achilles.cse.tamu.edu/wiki/articles/a/m/e/American_Civil_War_90af.html
http://achilles.cse.tamu.edu/wiki/articles/b/b/c/BBC_a61d.html
http://achilles.cse.tamu.edu/wiki/articles/i/s/r/Israel.html
http://achilles.cse.tamu.edu/wiki/articles/t/u/r/Turkey.html
http://achilles.cse.tamu.edu/wiki/articles/r/e/p/Republican_Party_(United_States)_8fa4.html
http://achilles.cse.tamu.edu/wiki/articles/d/e/m/Democratic_Party_(United_States)_2333.html
http://achilles.cse.tamu.edu/wiki/articles/c/h/i/Chicago.html
http://achilles.cse.tamu.edu/wiki/articles/d/e/n/Denmark.html
http://achilles.cse.tamu.edu/wiki/articles/p/o/r/Portugal.html
http://achilles.cse.tamu.edu/wiki/articles/g/r/e/Greek_language.html
http://achilles.cse.tamu.edu/wiki/articles/s/p/a/Spanish_language.html
http://achilles.cse.tamu.edu/wiki/articles/f/i/n/Finland.html
http://achilles.cse.tamu.edu/wiki/articles/w/a/s/Washington,_D.C._323f.html
http://achilles.cse.tamu.edu/wiki/articles/m/e/m/Member_of_Parliament_22d1.html
http://achilles.cse.tamu.edu/wiki/articles/w/a/l/Wales.html
http://achilles.cse.tamu.edu/wiki/articles/b/a/s/Basketball.html
http://achilles.cse.tamu.edu/wiki/articles/h/o/n/Hong_Kong_6282.html
http://achilles.cse.tamu.edu/wiki/articles/a/f/r/Africa.html
http://achilles.cse.tamu.edu/wiki/articles/l/a/t/Latin.html
http://achilles.cse.tamu.edu/wiki/articles/i/l/l/Illinois.html
http://achilles.cse.tamu.edu/wiki/articles/a/l/b/Album.html
http://achilles.cse.tamu.edu/wiki/articles/u/n/i/United_States_House_of_Representatives_fcb5.html
http://achilles.cse.tamu.edu/wiki/articles/u/n/i/United_States_Navy_d2ed.html
http://achilles.cse.tamu.edu/wiki/articles/o/h/i/Ohio.html
http://achilles.cse.tamu.edu/wiki/articles/s/y/d/Sydney.html
http://achilles.cse.tamu.edu/wiki/articles/e/g/y/Egypt.html
http://achilles.cse.tamu.edu/wiki/articles/n/e/w/New_Jersey_5ac9.html
http://achilles.cse.tamu.edu/wiki/articles/h/u/n/Hungary.html
http://achilles.cse.tamu.edu/wiki/articles/n/a/t/National_Football_League_dcce.html
http://achilles.cse.tamu.edu/wiki/articles/b/e/r/Berlin.html
http://achilles.cse.tamu.edu/wiki/articles/m/a/j/Major_League_Baseball_9421.html
http://achilles.cse.tamu.edu/wiki/articles/l/o/s/Los_Angeles,_California_b493.html
http://achilles.cse.tamu.edu/wiki/articles/i/r/a/Iran.html
http://achilles.cse.tamu.edu/wiki/articles/g/e/n/Genus.html
http://achilles.cse.tamu.edu/wiki/articles/a/r/a/Arabic_language.html
http://achilles.cse.tamu.edu/wiki/articles/m/u/n/Municipality.html
http://achilles.cse.tamu.edu/wiki/articles/m/a/l/Malaysia.html
http://achilles.cse.tamu.edu/wiki/articles/i/n/d/Indonesia.html
http://achilles.cse.tamu.edu/wiki/articles/i/c/e/Ice_hockey.html
http://achilles.cse.tamu.edu/wiki/articles/g/e/n/Gene.html
http://achilles.cse.tamu.edu/wiki/articles/t/o/r/Toronto.html
http://achilles.cse.tamu.edu/wiki/articles/p/l/a/Plant.html
http://achilles.cse.tamu.edu/wiki/articles/c/o/m/Communes_of_France_9213.html
http://achilles.cse.tamu.edu/wiki/articles/p/e/r/Peru.html
http://achilles.cse.tamu.edu/wiki/articles/m/o/s/Moscow.html
http://achilles.cse.tamu.edu/wiki/articles/v/i/r/Virginia.html
http://achilles.cse.tamu.edu/wiki/articles/j/a/z/Jazz.html
http://achilles.cse.tamu.edu/wiki/articles/f/o/r/Forest.html
http://achilles.cse.tamu.edu/wiki/articles/a/s/i/Asia.html
http://achilles.cse.tamu.edu/wiki/articles/m/a/t/Mathematics.html
http://achilles.cse.tamu.edu/wiki/articles/n/e/w/New_South_Wales_238d.html
http://achilles.cse.tamu.edu/wiki/articles/g/r/e/Great_Britain_b139.html
http://achilles.cse.tamu.edu/wiki/articles/r/o/y/Royal_Navy_80f7.html
http://achilles.cse.tamu.edu/wiki/articles/p/o/l/Politician.html
http://achilles.cse.tamu.edu/wiki/articles/q/u/e/Quebec.html
http://achilles.cse.tamu.edu/wiki/articles/m/e/l/Melbourne.html
http://achilles.cse.tamu.edu/wiki/articles/s/c/i/Science_fiction.html
http://achilles.cse.tamu.edu/wiki/articles/c/o/l/Colombia.html
http://achilles.cse.tamu.edu/wiki/articles/r/o/m/Roman_Catholic_Church_7422.html
http://achilles.cse.tamu.edu/wiki/articles/s/i/n/Singapore.html
http://achilles.cse.tamu.edu/wiki/articles/m/a/s/Massachusetts.html
http://achilles.cse.tamu.edu/wiki/articles/b/i/r/Bird.html
http://achilles.cse.tamu.edu/wiki/articles/m/e/t/Metre.html
http://achilles.cse.tamu.edu/wiki/articles/c/u/b/Cuba.html
http://achilles.cse.tamu.edu/wiki/articles/c/h/r/Christian.html
http://achilles.cse.tamu.edu/wiki/articles/t/r/i/Tributary.html
http://achilles.cse.tamu.edu/wiki/articles/u/n/i/United_Nations_3208.html
http://achilles.cse.tamu.edu/wiki/articles/t/h/a/Thailand.html
http://achilles.cse.tamu.edu/wiki/articles/u/k/r/Ukraine.html
http://achilles.cse.tamu.edu/wiki/articles/n/a/t/National_Register_of_Historic_Places_4c8b.html
http://achilles.cse.tamu.edu/wiki/articles/m/i/n/Minnesota.html
http://achilles.cse.tamu.edu/wiki/articles/b/r/i/British_Columbia_90ec.html
http://achilles.cse.tamu.edu/wiki/articles/s/i/n/Singer.html
http://achilles.cse.tamu.edu/wiki/articles/p/i/n/Pinyin.html
http://achilles.cse.tamu.edu/wiki/articles/m/i/c/Michigan.html
http://achilles.cse.tamu.edu/wiki/articles/c/o/l/College_football.html
http://achilles.cse.tamu.edu/wiki/articles/c/r/i/Cricket.html
http://achilles.cse.tamu.edu/wiki/articles/n/o/r/North_Carolina_5c52.html
http://achilles.cse.tamu.edu/wiki/articles/v/i/e/Vienna.html
http://achilles.cse.tamu.edu/wiki/articles/c/h/r/Christianity.html
http://achilles.cse.tamu.edu/wiki/articles/s/o/u/South_Korea_aa29.html
http://achilles.cse.tamu.edu/wiki/articles/a/f/g/Afghanistan.html
http://achilles.cse.tamu.edu/wiki/articles/p/r/e/President_of_the_United_States_3dfd.html
http://achilles.cse.tamu.edu/wiki/articles/s/p/e/Species.html
http://achilles.cse.tamu.edu/wiki/articles/s/o/u/South_America_9663.html
http://achilles.cse.tamu.edu/wiki/articles/f/i/c/Fictional_character.html
http://achilles.cse.tamu.edu/wiki/articles/o/t/t/Ottoman_Empire_4168.html
http://achilles.cse.tamu.edu/wiki/articles/h/a/r/Harvard_University_9346.html
http://achilles.cse.tamu.edu/wiki/articles/i/r/a/Iraq.html
http://achilles.cse.tamu.edu/wiki/articles/c/h/i/Chinese_language.html
http://achilles.cse.tamu.edu/wiki/articles/r/e/p/Republic_of_Ireland_10e7.html
http://achilles.cse.tamu.edu/wiki/articles/h/i/g/High_school.html
http://achilles.cse.tamu.edu/wiki/articles/u/n/i/United_States_Army_9bfc.html
http://achilles.cse.tamu.edu/wiki/articles/k/i/l/Kilometre.html
http://achilles.cse.tamu.edu/wiki/articles/u/n/i/United_States_Senate_7d74.html
http://achilles.cse.tamu.edu/wiki/articles/p/h/i/Philadelphia.html
http://achilles.cse.tamu.edu/wiki/articles/n/b/c/NBC_89b7.html
http://achilles.cse.tamu.edu/wiki/articles/m/i/l/Mile.html
http://achilles.cse.tamu.edu/wiki/articles/n/o/r/Northern_Ireland_a52b.html
http://achilles.cse.tamu.edu/wiki/articles/d/v/d/DVD_1991.html
http://achilles.cse.tamu.edu/wiki/articles/p/o/p/Population.html
http://achilles.cse.tamu.edu/wiki/articles/t/a/i/Taiwan.html
http://achilles.cse.tamu.edu/wiki/articles/i/s/l/Islam.html
http://achilles.cse.tamu.edu/wiki/articles/m/o/n/Montreal.html
http://achilles.cse.tamu.edu/wiki/articles/t/o/k/Tokyo.html
http://achilles.cse.tamu.edu/wiki/articles/p/e/o/People's_Republic_of_China_82bf.html
http://achilles.cse.tamu.edu/wiki/articles/r/i/v/River.html
http://achilles.cse.tamu.edu/wiki/articles/r/o/c/Rock_music.html
http://achilles.cse.tamu.edu/wiki/articles/v/i/e/Vietnam.html
http://achilles.cse.tamu.edu/wiki/articles/i/n/t/Internet.html
http://achilles.cse.tamu.edu/wiki/articles/n/a/t/National_Hockey_League_6c9a.html
http://achilles.cse.tamu.edu/wiki/articles/c/o/m/Composer.html
http://achilles.cse.tamu.edu/wiki/articles/d/u/b/Dublin.html
http://achilles.cse.tamu.edu/wiki/articles/s/e/r/Serbia.html
http://achilles.cse.tamu.edu/wiki/articles/g/e/o/Georgia_(U.S._state)_7f30.html
http://achilles.cse.tamu.edu/wiki/articles/c/b/s/CBS_250c.html
http://achilles.cse.tamu.edu/wiki/articles/c/o/u/County_seat.html
http://achilles.cse.tamu.edu/wiki/articles/c/o/n/Conservative_Party_(UK)_3ac1.html
http://achilles.cse.tamu.edu/wiki/articles/j/e/w/Jew.html
http://achilles.cse.tamu.edu/wiki/articles/c/h/i/Chile.html
http://achilles.cse.tamu.edu/wiki/articles/a/m/e/American_Broadcasting_Company_349c.html
http://achilles.cse.tamu.edu/wiki/articles/t/o/w/Town.html
http://achilles.cse.tamu.edu/wiki/articles/e/a/r/Earth.html
http://achilles.cse.tamu.edu/wiki/articles/v/e/n/Venezuela.html
http://achilles.cse.tamu.edu/wiki/articles/w/i/s/Wisconsin.html
http://achilles.cse.tamu.edu/wiki/articles/s/i/n/Single_(music).html
http://achilles.cse.tamu.edu/wiki/articles/b/a/s/Baseball.html
http://achilles.cse.tamu.edu/wiki/articles/e/c/u/Ecuador.html
http://achilles.cse.tamu.edu/wiki/articles/a/n/i/Anime.html
http://achilles.cse.tamu.edu/wiki/articles/c/z/e/Czech_Republic_12a4.html
http://achilles.cse.tamu.edu/wiki/articles/b/u/l/Bulgaria.html
http://achilles.cse.tamu.edu/wiki/articles/f/i/l/Film_director.html
http://achilles.cse.tamu.edu/wiki/articles/g/e/o/George_W._Bush_315d.html
http://achilles.cse.tamu.edu/wiki/articles/p/o/p/Pop_music.html
http://achilles.cse.tamu.edu/wiki/articles/f/a/m/Family_(biology).html
http://achilles.cse.tamu.edu/wiki/articles/v/i/d/Video_game.html
http://achilles.cse.tamu.edu/wiki/articles/n/o/v/Novel.html
http://achilles.cse.tamu.edu/wiki/articles/i/n/d/Indiana.html
http://achilles.cse.tamu.edu/wiki/articles/b/o/s/Boston,_Massachusetts_d688.html
http://achilles.cse.tamu.edu/wiki/articles/e/u/r/European_Union_e368.html
http://achilles.cse.tamu.edu/wiki/articles/n/a/t/Native_Americans_in_the_United_States_7838.html
http://achilles.cse.tamu.edu/wiki/articles/m/u/s/Muslim.html
http://achilles.cse.tamu.edu/wiki/articles/c/o/u/Country_music.html
http://achilles.cse.tamu.edu/wiki/articles/p/a/c/Pacific_Ocean_bdb7.html
http://achilles.cse.tamu.edu/wiki/articles/a/t/h/Athens.html
http://achilles.cse.tamu.edu/wiki/articles/d/e/p/Departments_of_France_f3ab.html
http://achilles.cse.tamu.edu/wiki/articles/m/i/s/Missouri.html
http://achilles.cse.tamu.edu/wiki/articles/h/a/w/Hawaii.html
http://achilles.cse.tamu.edu/wiki/articles/p/h/i/Philosophy.html
http://achilles.cse.tamu.edu/wiki/articles/w/a/s/Washington.html
http://achilles.cse.tamu.edu/wiki/articles/g/u/i/Guitar.html
http://achilles.cse.tamu.edu/wiki/articles/b/r/o/Broadway_theatre.html
http://achilles.cse.tamu.edu/wiki/articles/m/a/r/Maryland.html
http://achilles.cse.tamu.edu/wiki/articles/i/t/a/Italian_language.html
http://achilles.cse.tamu.edu/wiki/articles/l/o/u/Louisiana.html
http://achilles.cse.tamu.edu/wiki/articles/a/u/t/Author.html
http://achilles.cse.tamu.edu/wiki/articles/a/t/l/Atlantic_Ocean_570a.html
http://achilles.cse.tamu.edu/wiki/articles/w/r/i/Writer.html
http://achilles.cse.tamu.edu/wiki/articles/g/l/a/Glasgow.html
http://achilles.cse.tamu.edu/wiki/articles/v/i/e/Vietnam_War_129f.html
http://achilles.cse.tamu.edu/wiki/articles/q/u/e/Queensland.html
http://achilles.cse.tamu.edu/wiki/articles/c/o/l/Columbia_University_082c.html
http://achilles.cse.tamu.edu/wiki/articles/o/r/d/Order_of_the_British_Empire_8609.html
http://achilles.cse.tamu.edu/wiki/articles/l/a/b/Labour_Party_(UK)_3e02.html
http://achilles.cse.tamu.edu/wiki/articles/c/r/o/Croatia.html
http://achilles.cse.tamu.edu/wiki/articles/m/i/d/Middle_East_c1c7.html
http://achilles.cse.tamu.edu/wiki/articles/c/e/n/Census-designated_place.html
http://achilles.cse.tamu.edu/wiki/articles/o/r/e/Oregon.html
http://achilles.cse.tamu.edu/wiki/articles/a/l/b/Alberta.html
http://achilles.cse.tamu.edu/wiki/articles/p/u/e/Puerto_Rico_f6b0.html
http://achilles.cse.tamu.edu/wiki/articles/s/a/n/San_Francisco,_California_b6e2.html
http://achilles.cse.tamu.edu/wiki/articles/m/i/d/Middle_Ages_99b9.html
http://achilles.cse.tamu.edu/wiki/articles/m/a/n/Manchester.html
http://achilles.cse.tamu.edu/wiki/articles/p/o/e/Poet.html
http://achilles.cse.tamu.edu/wiki/articles/f/i/s/Fish.html
http://achilles.cse.tamu.edu/wiki/articles/e/d/i/Edinburgh.html
http://achilles.cse.tamu.edu/wiki/articles/s/l/o/Slovakia.html
http://achilles.cse.tamu.edu/wiki/articles/p/u/n/Punk_rock.html
http://achilles.cse.tamu.edu/wiki/articles/n/i/g/Nigeria.html
http://achilles.cse.tamu.edu/wiki/articles/m/u/n/Munich.html
http://achilles.cse.tamu.edu/wiki/articles/k/e/n/Kenya.html
http://achilles.cse.tamu.edu/wiki/articles/m/i/c/Microsoft_Windows_48e2.html
http://achilles.cse.tamu.edu/wiki/articles/m/i/l/Milan.html
http://achilles.cse.tamu.edu/wiki/articles/m/o/n/Montane.html
http://achilles.cse.tamu.edu/wiki/articles/v/i/c/Victoria_(Australia)_71e6.html
http://achilles.cse.tamu.edu/wiki/articles/b/i/b/Bible.html
http://achilles.cse.tamu.edu/wiki/articles/b/r/i/British_Army_7e21.html
http://achilles.cse.tamu.edu/wiki/articles/a/n/c/Ancient_Rome_6564.html
http://achilles.cse.tamu.edu/wiki/articles/t/e/n/Tennessee.html
http://achilles.cse.tamu.edu/wiki/articles/c/o/l/Colorado.html
http://achilles.cse.tamu.edu/wiki/articles/s/r/i/Sri_Lanka_9993.html
http://achilles.cse.tamu.edu/wiki/articles/c/i/v/Civil_parish.html
http://achilles.cse.tamu.edu/wiki/articles/h/i/s/History.html
http://achilles.cse.tamu.edu/wiki/articles/r/a/d/Radio.html
http://achilles.cse.tamu.edu/wiki/articles/s/y/r/Syria.html
http://achilles.cse.tamu.edu/wiki/articles/s/o/a/Soap_opera.html
http://achilles.cse.tamu.edu/wiki/articles/p/o/l/Political_party.html
http://achilles.cse.tamu.edu/wiki/articles/k/e/n/Kentucky.html
http://achilles.cse.tamu.edu/wiki/articles/i/n/t/International_Civil_Aviation_Organization_airport_code_209e.html
http://achilles.cse.tamu.edu/wiki/articles/c/o/n/Connecticut.html
http://achilles.cse.tamu.edu/wiki/articles/a/l/a/Alaska.html
http://achilles.cse.tamu.edu/wiki/articles/a/f/r/African_American_5c73.html
http://achilles.cse.tamu.edu/wiki/articles/k/o/r/Korea.html
http://achilles.cse.tamu.edu/wiki/articles/m/a/n/Manhattan.html
http://achilles.cse.tamu.edu/wiki/articles/r/o/m/Roman_Empire_411e.html
http://achilles.cse.tamu.edu/wiki/articles/r/u/g/Rugby_union.html
http://achilles.cse.tamu.edu/wiki/articles/a/r/i/Arizona.html
http://achilles.cse.tamu.edu/wiki/articles/m/o/o/Moon.html
http://achilles.cse.tamu.edu/wiki/articles/j/o/u/Journalist.html
http://achilles.cse.tamu.edu/wiki/articles/u/n/i/Unincorporated_area.html
http://achilles.cse.tamu.edu/wiki/articles/u/n/i/United_States_dollar_db5c.html
http://achilles.cse.tamu.edu/wiki/articles/c/a/t/Catholic.html
http://achilles.cse.tamu.edu/wiki/articles/w/e/s/Western_Australia_84d0.html
http://achilles.cse.tamu.edu/wiki/articles/b/a/v/Bavaria.html
http://achilles.cse.tamu.edu/wiki/articles/b/a/n/Bangladesh.html
http://achilles.cse.tamu.edu/wiki/articles/n/a/z/Nazi_Germany_add9.html
http://achilles.cse.tamu.edu/wiki/articles/i/n/t/International_Air_Transport_Association_airport_code_960d.html
http://achilles.cse.tamu.edu/wiki/articles/a/g/r/Agriculture.html
http://achilles.cse.tamu.edu/wiki/articles/a/s/s/Association_football.html
http://achilles.cse.tamu.edu/wiki/articles/m/u/s/Music.html
http://achilles.cse.tamu.edu/wiki/articles/f/r/o/Frog.html
http://achilles.cse.tamu.edu/wiki/articles/c/a/r/Caribbean.html
http://achilles.cse.tamu.edu/wiki/articles/p/e/r/Persian_language.html
http://achilles.cse.tamu.edu/wiki/articles/j/e/r/Jerusalem.html
http://achilles.cse.tamu.edu/wiki/articles/m/a/n/Manga.html
http://achilles.cse.tamu.edu/wiki/articles/y/a/l/Yale_University_757c.html
http://achilles.cse.tamu.edu/wiki/articles/b/a/c/Bachelor_of_Arts_b70d.html
http://achilles.cse.tamu.edu/wiki/articles/u/n/i/United_States_Congress_8653.html
http://achilles.cse.tamu.edu/wiki/articles/m/t/v/MTV_b498.html
http://achilles.cse.tamu.edu/wiki/articles/a/l/a/Alabama.html
http://achilles.cse.tamu.edu/wiki/articles/c/o/m/Comic_book.html
http://achilles.cse.tamu.edu/wiki/articles/s/t/o/Stockholm.html
http://achilles.cse.tamu.edu/wiki/articles/a/m/s/Amsterdam.html
http://achilles.cse.tamu.edu/wiki/articles/g/o/d/God.html
http://achilles.cse.tamu.edu/wiki/articles/l/a/k/Lake.html
http://achilles.cse.tamu.edu/wiki/articles/e/t/h/Ethiopia.html
http://achilles.cse.tamu.edu/wiki/articles/m/u/s/Music_video.html
http://achilles.cse.tamu.edu/wiki/articles/l/i/v/Liverpool.html
http://achilles.cse.tamu.edu/wiki/articles/g/r/e/Great_Depression_3776.html
http://achilles.cse.tamu.edu/wiki/articles/n/e/w/Newspaper.html
http://achilles.cse.tamu.edu/wiki/articles/b/i/s/Bishop.html
http://achilles.cse.tamu.edu/wiki/articles/e/n/z/Enzyme.html
http://achilles.cse.tamu.edu/wiki/articles/m/a/r/Marvel_Comics_b294.html
http://achilles.cse.tamu.edu/wiki/articles/t/e/n/Tennis.html
http://achilles.cse.tamu.edu/wiki/articles/c/a/n/Cancer.html
http://achilles.cse.tamu.edu/wiki/articles/p/i/a/Piano.html
http://achilles.cse.tamu.edu/wiki/articles/b/i/r/Birmingham.html
http://achilles.cse.tamu.edu/wiki/articles/s/o/u/South_Carolina_aeeb.html
http://achilles.cse.tamu.edu/wiki/articles/p/h/y/Physics.html
http://achilles.cse.tamu.edu/wiki/articles/t/r/a/Traditional_Chinese_character_3aaa.html
http://achilles.cse.tamu.edu/wiki/articles/c/o/l/Cold_War_f6d9.html
http://achilles.cse.tamu.edu/wiki/articles/m/u/s/Musician.html
http://achilles.cse.tamu.edu/wiki/articles/i/o/w/Iowa.html
http://achilles.cse.tamu.edu/wiki/articles/s/t/2E/St._Louis,_Missouri_7f9c.html
http://achilles.cse.tamu.edu/wiki/articles/m/a/y/Mayor.html
http://achilles.cse.tamu.edu/wiki/articles/b/r/o/Brooklyn.html
http://achilles.cse.tamu.edu/wiki/articles/w/a/t/Water.html
http://achilles.cse.tamu.edu/wiki/articles/i/r/i/Irish_language.html
http://achilles.cse.tamu.edu/wiki/articles/g/o/l/Golf.html
http://achilles.cse.tamu.edu/wiki/articles/t/a/n/Tanzania.html
http://achilles.cse.tamu.edu/wiki/articles/k/a/n/Kansas.html
http://achilles.cse.tamu.edu/wiki/articles/l/e/b/Lebanon.html
http://achilles.cse.tamu.edu/wiki/articles/o/p/e/Opera.html
http://achilles.cse.tamu.edu/wiki/articles/a/l/g/Algeria.html
http://achilles.cse.tamu.edu/wiki/articles/r/e/c/Record_label.html
http://achilles.cse.tamu.edu/wiki/articles/s/q/u/Square_kilometre.html
http://achilles.cse.tamu.edu/wiki/articles/a/t/l/Atlanta,_Georgia_4e3e.html
http://achilles.cse.tamu.edu/wiki/articles/h/e/b/Hebrew_language.html
http://achilles.cse.tamu.edu/wiki/articles/c/o/u/County.html
http://achilles.cse.tamu.edu/wiki/articles/l/a/w/Law.html
http://achilles.cse.tamu.edu/wiki/articles/m/o/r/Morocco.html
http://achilles.cse.tamu.edu/wiki/articles/p/r/o/Professor.html
http://achilles.cse.tamu.edu/wiki/articles/b/o/x/Boxing.html
http://achilles.cse.tamu.edu/wiki/articles/r/o/y/Royal_Air_Force_e156.html
http://achilles.cse.tamu.edu/wiki/articles/e/c/o/Economics.html
http://achilles.cse.tamu.edu/wiki/articles/v/e/n/Venice.html
http://achilles.cse.tamu.edu/wiki/articles/k/e/n/Kent.html
http://achilles.cse.tamu.edu/wiki/articles/d/i/c/Dictionary_of_American_Naval_Fighting_Ships_7979.html
http://achilles.cse.tamu.edu/wiki/articles/s/t/a/States_and_territories_of_India_8e19.html
http://achilles.cse.tamu.edu/wiki/articles/i/t/v/ITV_7461.html
http://achilles.cse.tamu.edu/wiki/articles/s/a/n/Sanskrit.html
http://achilles.cse.tamu.edu/wiki/articles/o/k/l/Oklahoma.html
http://achilles.cse.tamu.edu/wiki/articles/c/a/n/Canadian_House_of_Commons_f3ab.html
http://achilles.cse.tamu.edu/wiki/articles/b/e/i/Beijing.html
http://achilles.cse.tamu.edu/wiki/articles/i/c/e/Iceland.html
http://achilles.cse.tamu.edu/wiki/articles/b/u/e/Buenos_Aires_8e35.html
http://achilles.cse.tamu.edu/wiki/articles/j/a/p/Japanese_language.html
http://achilles.cse.tamu.edu/wiki/articles/w/e/s/West_Virginia_4016.html
http://achilles.cse.tamu.edu/wiki/articles/p/o/l/Polish_language.html
http://achilles.cse.tamu.edu/wiki/articles/a/c/a/Academy_Award_136f.html
http://achilles.cse.tamu.edu/wiki/articles/b/a/s/Bass_guitar.html
http://achilles.cse.tamu.edu/wiki/articles/j/a/m/Jamaica.html
http://achilles.cse.tamu.edu/wiki/articles/j/e/s/Jesus.html
http://achilles.cse.tamu.edu/wiki/articles/m/a/d/Madrid.html
http://achilles.cse.tamu.edu/wiki/articles/m/a/d/Madagascar.html
http://achilles.cse.tamu.edu/wiki/articles/m/i/c/Microsoft.html
http://achilles.cse.tamu.edu/wiki/articles/u/n/i/University.html
http://achilles.cse.tamu.edu/wiki/articles/l/a/s/Las_Vegas,_Nevada_aec8.html
http://achilles.cse.tamu.edu/wiki/articles/p/o/r/Portland,_Oregon_1e41.html
http://achilles.cse.tamu.edu/wiki/articles/s/t/a/Stadium.html
http://achilles.cse.tamu.edu/wiki/articles/d/o/c/Documentary_film.html
http://achilles.cse.tamu.edu/wiki/articles/r/e/c/Record_producer.html
http://achilles.cse.tamu.edu/wiki/articles/p/o/r/Portuguese_language.html
http://achilles.cse.tamu.edu/wiki/articles/p/r/i/Princeton_University_960f.html
http://achilles.cse.tamu.edu/wiki/articles/k/e/r/Kerala.html
http://achilles.cse.tamu.edu/wiki/articles/u/t/a/Utah.html
http://achilles.cse.tamu.edu/wiki/articles/b/o/l/Bolivia.html
http://achilles.cse.tamu.edu/wiki/articles/h/i/n/Hindu.html
http://achilles.cse.tamu.edu/wiki/articles/m/a/i/Maine.html
http://achilles.cse.tamu.edu/wiki/articles/d/c/_/DC_Comics_9a75.html
http://achilles.cse.tamu.edu/wiki/articles/l/i/t/Lithuania.html
http://achilles.cse.tamu.edu/wiki/articles/u/n/i/United_States_Air_Force_81b3.html
http://achilles.cse.tamu.edu/wiki/articles/s/t/a/Stanford_University_8e23.html
http://achilles.cse.tamu.edu/wiki/articles/g/o/l/Gold.html
http://achilles.cse.tamu.edu/wiki/articles/m/i/s/Mississippi.html
http://achilles.cse.tamu.edu/wiki/articles/p/a/n/Panama.html
http://achilles.cse.tamu.edu/wiki/articles/c/h/r/Christmas.html
http://achilles.cse.tamu.edu/wiki/articles/n/o/v/Nova_Scotia_7d1d.html
http://achilles.cse.tamu.edu/wiki/articles/n/a/s/NASA_1f99.html
http://achilles.cse.tamu.edu/wiki/articles/t/h/e/The_Beatles_3737.html
http://achilles.cse.tamu.edu/wiki/articles/l/a/t/Latin_America_2c96.html
http://achilles.cse.tamu.edu/wiki/articles/s/o/n/Songwriter.html
http://achilles.cse.tamu.edu/wiki/articles/v/a/n/Vancouver.html
http://achilles.cse.tamu.edu/wiki/articles/u/n/i/University_of_Cambridge_5f20.html
http://achilles.cse.tamu.edu/wiki/articles/s/a/u/Saudi_Arabia_53d2.html
http://achilles.cse.tamu.edu/wiki/articles/p/i/t/Pittsburgh,_Pennsylvania_b3a2.html
http://achilles.cse.tamu.edu/wiki/articles/a/i/r/Airport.html
http://achilles.cse.tamu.edu/wiki/articles/r/e/n/Renaissance.html
http://achilles.cse.tamu.edu/wiki/articles/m/e/x/Mexico_City_fae1.html
http://achilles.cse.tamu.edu/wiki/articles/a/r/c/Architect.html
http://achilles.cse.tamu.edu/wiki/articles/m/i/s/Mississippi_River_e27c.html
http://achilles.cse.tamu.edu/wiki/articles/n/e/w/New_Mexico_2a18.html
http://achilles.cse.tamu.edu/wiki/articles/k/o/r/Korean_War_7f11.html
http://achilles.cse.tamu.edu/wiki/articles/m/a/n/Manitoba.html
http://achilles.cse.tamu.edu/wiki/articles/b/i/l/Bill_Clinton_75aa.html
http://achilles.cse.tamu.edu/wiki/articles/b/r/u/Brussels.html
http://achilles.cse.tamu.edu/wiki/articles/c/z/e/Czechoslovakia.html
http://achilles.cse.tamu.edu/wiki/articles/p/r/a/Prague.html
http://achilles.cse.tamu.edu/wiki/articles/n/e/w/New_England_30a7.html
http://achilles.cse.tamu.edu/wiki/articles/t/h/e/Theology.html
http://achilles.cse.tamu.edu/wiki/articles/s/e/a/Seattle,_Washington_9194.html
http://achilles.cse.tamu.edu/wiki/articles/b/a/r/Barcelona.html
http://achilles.cse.tamu.edu/wiki/articles/b/a/l/Baltimore,_Maryland_9c87.html
http://achilles.cse.tamu.edu/wiki/articles/f/a/_/FA_Cup_f364.html
http://achilles.cse.tamu.edu/wiki/articles/p/e/a/Pearl_Harbor_865a.html
http://achilles.cse.tamu.edu/wiki/articles/w/a/r/Warsaw.html
http://achilles.cse.tamu.edu/wiki/articles/s/i/c/Sicily.html
http://achilles.cse.tamu.edu/wiki/articles/n/a/t/NATO_bffc.html
http://achilles.cse.tamu.edu/wiki/articles/b/u/d/Buddhism.html
http://achilles.cse.tamu.edu/wiki/articles/s/a/n/San_Diego,_California_4c0a.html
http://achilles.cse.tamu.edu/wiki/articles/l/a/n/Lancashire.html
http://achilles.cse.tamu.edu/wiki/articles/p/a/r/Parliament_of_the_United_Kingdom_dcaf.html
http://achilles.cse.tamu.edu/wiki/articles/s/c/i/Science.html
http://achilles.cse.tamu.edu/wiki/articles/e/s/t/Estonia.html
http://achilles.cse.tamu.edu/wiki/articles/r/u/g/Rugby_league.html
http://achilles.cse.tamu.edu/wiki/articles/a/u/t/Automobile.html
http://achilles.cse.tamu.edu/wiki/articles/b/r/i/Brisbane.html
http://achilles.cse.tamu.edu/wiki/articles/h/a/m/Hamburg.html
http://achilles.cse.tamu.edu/wiki/articles/u/n/i/University_of_Michigan_a8fd.html
http://achilles.cse.tamu.edu/wiki/articles/l/i/n/Linux.html
http://achilles.cse.tamu.edu/wiki/articles/f/m/_/FM_broadcasting_35a4.html
http://achilles.cse.tamu.edu/wiki/articles/a/c/r/Acre.html
http://achilles.cse.tamu.edu/wiki/articles/i/r/i/Irish_people.html
http://achilles.cse.tamu.edu/wiki/articles/m/i/d/Midfielder.html
http://achilles.cse.tamu.edu/wiki/articles/s/o/u/South_Australia_b9ad.html
http://achilles.cse.tamu.edu/wiki/articles/s/i/m/Simplified_Chinese_character_28e1.html
http://achilles.cse.tamu.edu/wiki/articles/h/i/p/Hip_hop_music.html
http://achilles.cse.tamu.edu/wiki/articles/o/x/y/Oxygen.html
http://achilles.cse.tamu.edu/wiki/articles/s/u/p/Supreme_Court_of_the_United_States_b835.html
http://achilles.cse.tamu.edu/wiki/articles/s/u/n/Sun.html
http://achilles.cse.tamu.edu/wiki/articles/f/r/e/French_Revolution_970a.html
http://achilles.cse.tamu.edu/wiki/articles/p/s/y/Psychology.html
http://achilles.cse.tamu.edu/wiki/articles/f/l/o/Florence.html
http://achilles.cse.tamu.edu/wiki/articles/u/n/i/United_States_Marine_Corps_e7db.html
http://achilles.cse.tamu.edu/wiki/articles/s/a/s/Saskatchewan.html
http://achilles.cse.tamu.edu/wiki/articles/n/e/p/Nepal.html
http://achilles.cse.tamu.edu/wiki/articles/h/o/u/Houston,_Texas_c0fa.html
http://achilles.cse.tamu.edu/wiki/articles/a/d/o/Adolf_Hitler_fdc0.html
http://achilles.cse.tamu.edu/wiki/articles/n/e/b/Nebraska.html
http://achilles.cse.tamu.edu/wiki/articles/h/i/n/Hindi.html
http://achilles.cse.tamu.edu/wiki/articles/c/h/e/Chemical_reaction.html
http://achilles.cse.tamu.edu/wiki/articles/s/u/i/Suicide.html
http://achilles.cse.tamu.edu/wiki/articles/d/e/t/Detroit,_Michigan_ae78.html
http://achilles.cse.tamu.edu/wiki/articles/s/u/d/Sudan.html
http://achilles.cse.tamu.edu/wiki/articles/c/y/p/Cyprus.html
http://achilles.cse.tamu.edu/wiki/articles/e/n/g/English_people.html
http://achilles.cse.tamu.edu/wiki/articles/a/r/k/Arkansas.html
http://achilles.cse.tamu.edu/wiki/articles/c/o/m/Commonwealth_of_Nations_38fc.html
http://achilles.cse.tamu.edu/wiki/articles/n/e/w/New_Hampshire_86db.html
http://achilles.cse.tamu.edu/wiki/articles/r/e/g/Regions_of_France_b1b1.html
http://achilles.cse.tamu.edu/wiki/articles/n/a/z/Nazism.html
http://achilles.cse.tamu.edu/wiki/articles/v/i/c/Victoria_Cross_384d.html
http://achilles.cse.tamu.edu/wiki/articles/n/e/v/Nevada.html
http://achilles.cse.tamu.edu/wiki/articles/p/e/r/Perth,_Western_Australia_3c92.html
http://achilles.cse.tamu.edu/wiki/articles/u/n/i/University_of_Oxford_2ca4.html
http://achilles.cse.tamu.edu/wiki/articles/r/e/l/Religion.html
http://achilles.cse.tamu.edu/wiki/articles/a/s/t/Asteroid.html
http://achilles.cse.tamu.edu/wiki/articles/f/a/n/Fantasy.html
http://achilles.cse.tamu.edu/wiki/articles/s/u/b/Suburb.html
http://achilles.cse.tamu.edu/wiki/articles/z/i/m/Zimbabwe.html
http://achilles.cse.tamu.edu/wiki/articles/s/h/a/Shanghai.html
http://achilles.cse.tamu.edu/wiki/articles/s/l/o/Slovenia.html
http://achilles.cse.tamu.edu/wiki/articles/c/o/n/Confederate_States_of_America_b8e1.html
http://achilles.cse.tamu.edu/wiki/articles/s/u/r/Surrey.html
http://achilles.cse.tamu.edu/wiki/articles/c/h/u/Church_of_England_2cc6.html
http://achilles.cse.tamu.edu/wiki/articles/e/n/c/Encyclopædia_Britannica_Eleventh_Edition_8e5e.html
http://achilles.cse.tamu.edu/wiki/articles/s/t/r/Striker.html
http://achilles.cse.tamu.edu/wiki/articles/p/h/y/Physician.html
http://achilles.cse.tamu.edu/wiki/articles/a/t/h/Athletics_(track_and_field).html
http://achilles.cse.tamu.edu/wiki/articles/t/u/r/Turin.html
http://achilles.cse.tamu.edu/wiki/articles/m/e/d/Medicine.html
http://achilles.cse.tamu.edu/wiki/articles/r/o/n/Ronald_Reagan_9da1.html
http://achilles.cse.tamu.edu/wiki/articles/l/a/w/Lawyer.html
http://achilles.cse.tamu.edu/wiki/articles/c/o/r/Cornwall.html
http://achilles.cse.tamu.edu/wiki/articles/n/a/p/Naples.html
http://achilles.cse.tamu.edu/wiki/articles/o/l/y/Olympic_Games_4ea8.html
http://achilles.cse.tamu.edu/wiki/articles/m/u/m/Mumbai.html
http://achilles.cse.tamu.edu/wiki/articles/o/t/t/Ottawa.html
http://achilles.cse.tamu.edu/wiki/articles/u/n/i/University_of_California,_Berkeley_70e2.html
http://achilles.cse.tamu.edu/wiki/articles/c/o/m/Communism.html
http://achilles.cse.tamu.edu/wiki/articles/b/o/s/Bosnia_and_Herzegovina_c758.html
http://achilles.cse.tamu.edu/wiki/articles/s/i/n/Singer-songwriter.html
http://achilles.cse.tamu.edu/wiki/articles/d/u/t/Dutch_language.html
http://achilles.cse.tamu.edu/wiki/articles/i/r/o/Iron.html
http://achilles.cse.tamu.edu/wiki/articles/l/o/c/Location_identifier.html
http://achilles.cse.tamu.edu/wiki/articles/e/d/u/Education.html
http://achilles.cse.tamu.edu/wiki/articles/a/r/a/Arab.html
http://achilles.cse.tamu.edu/wiki/articles/u/g/a/Uganda.html
http://achilles.cse.tamu.edu/wiki/articles/f/o/l/Folk_music.html
http://achilles.cse.tamu.edu/wiki/articles/u/k/_/UK_Singles_Chart_3b11.html
http://achilles.cse.tamu.edu/wiki/articles/p/i/t/Pitcher.html
http://achilles.cse.tamu.edu/wiki/articles/y/o/r/Yorkshire.html
http://achilles.cse.tamu.edu/wiki/articles/c/o/p/Copenhagen.html
http://achilles.cse.tamu.edu/wiki/articles/b/r/i/British_Empire_782f.html
http://achilles.cse.tamu.edu/wiki/articles/b/a/r/Baroque.html
http://achilles.cse.tamu.edu/wiki/articles/g/u/i/Guitarist.html
http://achilles.cse.tamu.edu/wiki/articles/a/r/t/Artist.html
http://achilles.cse.tamu.edu/wiki/articles/f/o/r/Formula_One_17d2.html
http://achilles.cse.tamu.edu/wiki/articles/b/e/l/Belfast.html
http://achilles.cse.tamu.edu/wiki/articles/g/h/a/Ghana.html
http://achilles.cse.tamu.edu/wiki/articles/c/i/v/Civil_township.html
http://achilles.cse.tamu.edu/wiki/articles/u/n/i/University_of_Chicago_7f0f.html
http://achilles.cse.tamu.edu/wiki/articles/i/n/s/Instituto_Nacional_de_Estadística_(Spain)_316b.html
http://achilles.cse.tamu.edu/wiki/articles/u/n/e/UNESCO_24a0.html
http://achilles.cse.tamu.edu/wiki/articles/d/n/a/DNA_396c.html
http://achilles.cse.tamu.edu/wiki/articles/i/n/s/Insect.html
http://achilles.cse.tamu.edu/wiki/articles/n/e/w/New_York_Yankees_cfbf.html
http://achilles.cse.tamu.edu/wiki/articles/j/u/d/Judaism.html
http://achilles.cse.tamu.edu/wiki/articles/n/a/t/National_Basketball_Association_2e33.html
http://achilles.cse.tamu.edu/wiki/articles/s/o/n/Song.html
http://achilles.cse.tamu.edu/wiki/articles/y/u/g/Yugoslavia.html
http://achilles.cse.tamu.edu/wiki/articles/b/y/z/Byzantine_Empire_38f2.html
http://achilles.cse.tamu.edu/wiki/articles/c/o/n/Constantinople.html
http://achilles.cse.tamu.edu/wiki/articles/o/x/f/Oxford.html
http://achilles.cse.tamu.edu/wiki/articles/s/u/b/Submarine.html
http://achilles.cse.tamu.edu/wiki/articles/b/u/d/Budapest.html
http://achilles.cse.tamu.edu/wiki/articles/g/e/o/Georgia_(country).html
http://achilles.cse.tamu.edu/wiki/articles/u/r/d/Urdu.html
http://achilles.cse.tamu.edu/wiki/articles/c/o/m/Comedy.html
http://achilles.cse.tamu.edu/wiki/articles/t/a/m/Tamil_Nadu_d7a5.html
http://achilles.cse.tamu.edu/wiki/articles/s/e/o/Seoul.html
http://achilles.cse.tamu.edu/wiki/articles/c/o/l/Colonel.html
http://achilles.cse.tamu.edu/wiki/articles/l/i/b/Liberal_Party_of_Canada_1b0c.html
http://achilles.cse.tamu.edu/wiki/articles/a/r/m/Armenia.html
http://achilles.cse.tamu.edu/wiki/articles/i/s/t/Istanbul.html
http://achilles.cse.tamu.edu/wiki/articles/e/c/_/EC_number_9459.html
http://achilles.cse.tamu.edu/wiki/articles/b/l/u/Blues.html
http://achilles.cse.tamu.edu/wiki/articles/t/r/a/Trade_union.html
http://achilles.cse.tamu.edu/wiki/articles/a/i/d/AIDS_b1c7.html
http://achilles.cse.tamu.edu/wiki/articles/c/e/n/Central_America_93d9.html
http://achilles.cse.tamu.edu/wiki/articles/c/h/e/Chemistry.html
http://achilles.cse.tamu.edu/wiki/articles/m/a/l/Malta.html
http://achilles.cse.tamu.edu/wiki/articles/t/e/s/Test_cricket.html
http://achilles.cse.tamu.edu/wiki/articles/t/a/s/Tasmania.html
http://achilles.cse.tamu.edu/wiki/articles/c/i/t/City.html
http://achilles.cse.tamu.edu/wiki/articles/f/e/d/Federal_Aviation_Administration_0ef7.html
http://achilles.cse.tamu.edu/wiki/articles/a/u/s/Australian_rules_football.html
http://achilles.cse.tamu.edu/wiki/articles/c/l/e/Cleveland,_Ohio_cd1a.html
http://achilles.cse.tamu.edu/wiki/articles/c/a/t/Catalysis.html
http://achilles.cse.tamu.edu/wiki/articles/a/n/d/Andhra_Pradesh_0379.html
http://achilles.cse.tamu.edu/wiki/articles/a/m/e/American_Revolutionary_War_48ec.html
http://achilles.cse.tamu.edu/wiki/articles/w/e/s/West_Germany_9d9b.html
http://achilles.cse.tamu.edu/wiki/articles/o/p/e/Operating_system.html
http://achilles.cse.tamu.edu/wiki/articles/d/a/l/Dallas,_Texas_2045.html
http://achilles.cse.tamu.edu/wiki/articles/h/e/c/Hectare.html
http://achilles.cse.tamu.edu/wiki/articles/b/r/i/Bristol.html
http://achilles.cse.tamu.edu/wiki/articles/n/e/w/New_Orleans,_Louisiana_f945.html
http://achilles.cse.tamu.edu/wiki/articles/a/d/e/Adelaide.html
http://achilles.cse.tamu.edu/wiki/articles/p/r/o/Protein.html
http://achilles.cse.tamu.edu/wiki/articles/r/u/s/Russian_Empire_7810.html
http://achilles.cse.tamu.edu/wiki/articles/s/o/u/Southeast_Asia_4c93.html
http://achilles.cse.tamu.edu/wiki/articles/a/r/c/Architecture.html
http://achilles.cse.tamu.edu/wiki/articles/u/k/r/Ukrainian_language.html
http://achilles.cse.tamu.edu/wiki/articles/c/o/s/Costa_Rica_e226.html
http://achilles.cse.tamu.edu/wiki/articles/r/i/c/Rice.html
http://achilles.cse.tamu.edu/wiki/articles/v/e/r/Vermont.html
http://achilles.cse.tamu.edu/wiki/articles/o/s/l/Oslo.html
http://achilles.cse.tamu.edu/wiki/articles/n/e/w/New_York_University_dca5.html
http://achilles.cse.tamu.edu/wiki/articles/b/o/s/Boston_Red_Sox_8ec5.html
http://achilles.cse.tamu.edu/wiki/articles/m/u/s/Museum.html
http://achilles.cse.tamu.edu/wiki/articles/t/h/e/Theatre.html
http://achilles.cse.tamu.edu/wiki/articles/d/o/m/Dominican_Republic_1b44.html
http://achilles.cse.tamu.edu/wiki/articles/i/s/l/Island.html
http://achilles.cse.tamu.edu/wiki/articles/c/o/m/Computer.html
http://achilles.cse.tamu.edu/wiki/articles/u/r/u/Uruguay.html
http://achilles.cse.tamu.edu/wiki/articles/d/e/m/Democratic_Republic_of_the_Congo_6e9c.html
http://achilles.cse.tamu.edu/wiki/articles/g/u/a/Guatemala.html
http://achilles.cse.tamu.edu/wiki/articles/d/i/o/Diocese.html
http://achilles.cse.tamu.edu/wiki/articles/g/o/v/Government.html
http://achilles.cse.tamu.edu/wiki/articles/s/w/e/Swedish_language.html
http://achilles.cse.tamu.edu/wiki/articles/e/x/t/Extended_play.html
http://achilles.cse.tamu.edu/wiki/articles/c/o/a/Coal.html
http://achilles.cse.tamu.edu/wiki/articles/f/l/o/Flowering_plant.html
http://achilles.cse.tamu.edu/wiki/articles/l/i/m/Limestone.html
http://achilles.cse.tamu.edu/wiki/articles/a/n/g/Angola.html
http://achilles.cse.tamu.edu/wiki/articles/e/n/g/England_national_football_team.html
http://achilles.cse.tamu.edu/wiki/articles/d/e/s/Destroyer.html
http://achilles.cse.tamu.edu/wiki/articles/c/a/p/Captain.html
http://achilles.cse.tamu.edu/wiki/articles/d/r/a/Drama.html
http://achilles.cse.tamu.edu/wiki/articles/a/u/s/Australian_Football_League_5a18.html
http://achilles.cse.tamu.edu/wiki/articles/c/o/p/Copper.html
http://achilles.cse.tamu.edu/wiki/articles/p/o/p/Pope.html
http://achilles.cse.tamu.edu/wiki/articles/g/r/a/Grammy_Award_0dda.html
http://achilles.cse.tamu.edu/wiki/articles/h/u/n/Hungarian_language.html
http://achilles.cse.tamu.edu/wiki/articles/w/i/l/William_Shakespeare_c1d2.html
http://achilles.cse.tamu.edu/wiki/articles/c/a/m/Cambodia.html
http://achilles.cse.tamu.edu/wiki/articles/r/o/c/Rock_and_roll.html
http://achilles.cse.tamu.edu/wiki/articles/c/a/m/Cameroon.html
http://achilles.cse.tamu.edu/wiki/articles/w/o/r/World_Wrestling_Entertainment_4940.html
http://achilles.cse.tamu.edu/wiki/articles/s/u/b/Substrate_(biochemistry).html
http://achilles.cse.tamu.edu/wiki/articles/m/a/g/Magazine.html
http://achilles.cse.tamu.edu/wiki/articles/e/s/p/ESPN_7b0e.html
http://achilles.cse.tamu.edu/wiki/articles/g/e/r/Germans.html
http://achilles.cse.tamu.edu/wiki/articles/h/o/u/House_of_Lords_efb8.html
http://achilles.cse.tamu.edu/wiki/articles/s/c/r/Screenwriter.html
http://achilles.cse.tamu.edu/wiki/articles/p/r/u/Prussia.html
http://achilles.cse.tamu.edu/wiki/articles/p/a/r/Parish.html
http://achilles.cse.tamu.edu/wiki/articles/b/u/r/Burma.html
http://achilles.cse.tamu.edu/wiki/articles/p/a/p/Papua_New_Guinea_eb0d.html
http://achilles.cse.tamu.edu/wiki/articles/b/e/l/Belarus.html
http://achilles.cse.tamu.edu/wiki/articles/l/e/a/Leaf.html
http://achilles.cse.tamu.edu/wiki/articles/a/u/s/Australian_Labor_Party_d687.html
http://achilles.cse.tamu.edu/wiki/articles/e/s/s/Essex.html
http://achilles.cse.tamu.edu/wiki/articles/c/a/n/Cantons_of_Switzerland_98b4.html
http://achilles.cse.tamu.edu/wiki/articles/p/r/i/Priest.html
http://achilles.cse.tamu.edu/wiki/articles/p/o/l/Police.html
http://achilles.cse.tamu.edu/wiki/articles/a/m/e/American_League_6b8d.html
http://achilles.cse.tamu.edu/wiki/articles/m/i/a/Miami,_Florida_f9df.html
http://achilles.cse.tamu.edu/wiki/articles/s/c/a/Scandinavia.html
http://achilles.cse.tamu.edu/wiki/articles/m/u/r/Murder.html
http://achilles.cse.tamu.edu/wiki/articles/v/o/l/Volleyball.html
http://achilles.cse.tamu.edu/wiki/articles/c/i/n/Cincinnati,_Ohio_33af.html
http://achilles.cse.tamu.edu/wiki/articles/d/e/v/Devon.html
http://achilles.cse.tamu.edu/wiki/articles/a/l/t/Alternative_rock.html
http://achilles.cse.tamu.edu/wiki/articles/g/r/e/Greek_mythology.html
http://achilles.cse.tamu.edu/wiki/articles/s/a/i/Saint_Petersburg_5667.html
http://achilles.cse.tamu.edu/wiki/articles/i/b/m/IBM_cbf4.html
http://achilles.cse.tamu.edu/wiki/articles/w/e/l/Welsh_language.html
http://achilles.cse.tamu.edu/wiki/articles/c/a/t/Catholic_Encyclopedia_7d0b.html
http://achilles.cse.tamu.edu/wiki/articles/e/l/i/Elizabeth_II_of_the_United_Kingdom_e66a.html
http://achilles.cse.tamu.edu/wiki/articles/s/t/a/State_highway.html
http://achilles.cse.tamu.edu/wiki/articles/c/o/r/Cornell_University_7419.html
http://achilles.cse.tamu.edu/wiki/articles/r/i/o/Rio_de_Janeiro_d5c5.html
http://achilles.cse.tamu.edu/wiki/articles/u/n/i/Union_Army_b45c.html
http://achilles.cse.tamu.edu/wiki/articles/t/h/o/Thoroughbred.html
http://achilles.cse.tamu.edu/wiki/articles/l/u/x/Luxembourg.html
http://achilles.cse.tamu.edu/wiki/articles/e/n/g/Engineering.html
http://achilles.cse.tamu.edu/wiki/articles/f/i/s/Fishing.html
http://achilles.cse.tamu.edu/wiki/articles/u/n/i/University_of_Southern_California_4e4b.html
http://achilles.cse.tamu.edu/wiki/articles/u/n/i/University_of_Pennsylvania_1f66.html
http://achilles.cse.tamu.edu/wiki/articles/s/l/a/Slavery.html
http://achilles.cse.tamu.edu/wiki/articles/p/r/o/Product_(chemistry).html
http://achilles.cse.tamu.edu/wiki/articles/p/r/e/President.html
http://achilles.cse.tamu.edu/wiki/articles/g/o/v/Governor.html
http://achilles.cse.tamu.edu/wiki/articles/b/e/l/Belgrade.html
http://achilles.cse.tamu.edu/wiki/articles/f/l/o/Flower.html
http://achilles.cse.tamu.edu/wiki/articles/b/e/n/Bengali_language.html
http://achilles.cse.tamu.edu/wiki/articles/m/y/o/Myocardial_infarction.html
http://achilles.cse.tamu.edu/wiki/articles/a/u/s/Austin,_Texas_6b79.html
http://achilles.cse.tamu.edu/wiki/articles/t/r/a/Train_station.html
http://achilles.cse.tamu.edu/wiki/articles/g/a/y/Gay.html
http://achilles.cse.tamu.edu/wiki/articles/h/i/n/Hinduism.html
http://achilles.cse.tamu.edu/wiki/articles/l/o/s/Los_Angeles_Dodgers_bc90.html
http://achilles.cse.tamu.edu/wiki/articles/l/a/t/Latvia.html
http://achilles.cse.tamu.edu/wiki/articles/m/a/s/Master's_degree.html
http://achilles.cse.tamu.edu/wiki/articles/r/h/i/Rhineland-Palatinate_0b91.html
http://achilles.cse.tamu.edu/wiki/articles/n/o/r/Norfolk,_Virginia_e3c8.html
http://achilles.cse.tamu.edu/wiki/articles/w/h/i/White_House_2f44.html
http://achilles.cse.tamu.edu/wiki/articles/a/n/c/Ancient_Greece_e4c9.html
http://achilles.cse.tamu.edu/wiki/articles/d/o/c/Doctor_of_Philosophy_8163.html
http://achilles.cse.tamu.edu/wiki/articles/a/b/r/Abraham_Lincoln_11e8.html
http://achilles.cse.tamu.edu/wiki/articles/f/r/u/Fruit.html
http://achilles.cse.tamu.edu/wiki/articles/a/m/_/AM_broadcasting_3f6c.html
http://achilles.cse.tamu.edu/wiki/articles/a/r/e/Area.html
http://achilles.cse.tamu.edu/wiki/articles/a/l/b/Albania.html
http://achilles.cse.tamu.edu/wiki/articles/m/o/u/Mountain.html
http://achilles.cse.tamu.edu/wiki/articles/f/o/s/Fossil.html
http://achilles.cse.tamu.edu/wiki/articles/m/o/n/Montana.html
http://achilles.cse.tamu.edu/wiki/articles/n/a/t/National_League_1c21.html
http://achilles.cse.tamu.edu/wiki/articles/h/u/m/Human.html
http://achilles.cse.tamu.edu/wiki/articles/h/i/s/Historian.html
http://achilles.cse.tamu.edu/wiki/articles/m/a/m/Mammal.html
http://achilles.cse.tamu.edu/wiki/articles/p/o/l/Politics.html
http://achilles.cse.tamu.edu/wiki/articles/i/n/f/Infantry.html
http://achilles.cse.tamu.edu/wiki/articles/v/i/o/Violin.html
http://achilles.cse.tamu.edu/wiki/articles/n/i/c/Nicaragua.html
http://achilles.cse.tamu.edu/wiki/articles/t/h/a/Thai_language.html
http://achilles.cse.tamu.edu/wiki/articles/m/a/n/Manila.html
http://achilles.cse.tamu.edu/wiki/articles/c/o/v/Cover_version.html
http://achilles.cse.tamu.edu/wiki/articles/k/a/r/Karnataka.html
http://achilles.cse.tamu.edu/wiki/articles/h/e/l/Helsinki.html
http://achilles.cse.tamu.edu/wiki/articles/t/u/r/Turkish_language.html
http://achilles.cse.tamu.edu/wiki/articles/u/n/i/United_States_Department_of_Defense_b846.html
http://achilles.cse.tamu.edu/wiki/articles/i/n/d/Indian_Ocean_dac8.html
http://achilles.cse.tamu.edu/wiki/articles/a/r/t/Art.html
http://achilles.cse.tamu.edu/wiki/articles/h/u/m/Human_rights.html
http://achilles.cse.tamu.edu/wiki/articles/a/m/e/American_Revolution_bd44.html
http://achilles.cse.tamu.edu/wiki/articles/s/t/e/Steel.html
http://achilles.cse.tamu.edu/wiki/articles/p/o/e/Poetry.html
http://achilles.cse.tamu.edu/wiki/articles/e/m/m/Emmy_Award_4d8c.html
http://achilles.cse.tamu.edu/wiki/articles/m/o/z/Mozambique.html
http://achilles.cse.tamu.edu/wiki/articles/p/e/r/Personal_computer.html
http://achilles.cse.tamu.edu/wiki/articles/p/s/e/Pseudonym.html
http://achilles.cse.tamu.edu/wiki/articles/i/n/c/Inch.html
http://achilles.cse.tamu.edu/wiki/articles/b/i/o/Biology.html
http://achilles.cse.tamu.edu/wiki/articles/n/a/t/National_Historic_Landmark_523a.html
http://achilles.cse.tamu.edu/wiki/articles/n/e/w/New_Brunswick_a9a1.html
http://achilles.cse.tamu.edu/wiki/articles/t/a/m/Tamil_language.html
http://achilles.cse.tamu.edu/wiki/articles/t/u/b/Tuberculosis.html
http://achilles.cse.tamu.edu/wiki/articles/g/u/a/Guam.html
http://achilles.cse.tamu.edu/wiki/articles/r/i/c/Richmond,_Virginia_2b80.html
http://achilles.cse.tamu.edu/wiki/articles/m/e/d/Mediterranean_Sea_0b44.html
http://achilles.cse.tamu.edu/wiki/articles/m/u/n/Municipalities_of_Switzerland_eb73.html
http://achilles.cse.tamu.edu/wiki/articles/f/o/o/Football.html
http://achilles.cse.tamu.edu/wiki/articles/f/i/l/Film_producer.html
http://achilles.cse.tamu.edu/wiki/articles/t/o/u/Tourism.html
http://achilles.cse.tamu.edu/wiki/articles/p/a/r/Paraguay.html
http://achilles.cse.tamu.edu/wiki/articles/m/a/t/Mathematician.html
http://achilles.cse.tamu.edu/wiki/articles/s/c/h/School_district.html
http://achilles.cse.tamu.edu/wiki/articles/l/i/s/Lisbon.html
http://achilles.cse.tamu.edu/wiki/articles/d/e/l/Delaware.html
http://achilles.cse.tamu.edu/wiki/articles/a/u/c/Auckland.html
http://achilles.cse.tamu.edu/wiki/articles/n/a/s/Nashville,_Tennessee_0fa5.html
http://achilles.cse.tamu.edu/wiki/articles/r/o/d/Rodent.html
http://achilles.cse.tamu.edu/wiki/articles/n/o/r/North_Africa_6a9e.html
http://achilles.cse.tamu.edu/wiki/articles/m/a/h/Maharashtra.html
http://achilles.cse.tamu.edu/wiki/articles/q/u/a/Quarterback.html
http://achilles.cse.tamu.edu/wiki/articles/j/o/r/Jordan.html
http://achilles.cse.tamu.edu/wiki/articles/p/r/o/Professional_wrestling.html
http://achilles.cse.tamu.edu/wiki/articles/s/e/r/Serbian_language.html
http://achilles.cse.tamu.edu/wiki/articles/r/e/d/Red_Army_ccba.html
http://achilles.cse.tamu.edu/wiki/articles/t/e/c/Technology.html
http://achilles.cse.tamu.edu/wiki/articles/m/o/d/Model_(person).html
http://achilles.cse.tamu.edu/wiki/articles/n/o/r/Norfolk.html
http://achilles.cse.tamu.edu/wiki/articles/g/e/n/Geneva.html
http://achilles.cse.tamu.edu/wiki/articles/l/o/w/Lower_Silesian_Voivodeship_188a.html
http://achilles.cse.tamu.edu/wiki/articles/c/a/i/Cairo.html
http://achilles.cse.tamu.edu/wiki/articles/b/a/c/Bachelor's_degree.html
http://achilles.cse.tamu.edu/wiki/articles/s/t/a/Star.html
http://achilles.cse.tamu.edu/wiki/articles/h/a/m/Hampshire.html
http://achilles.cse.tamu.edu/wiki/articles/c/h/a/Charleston,_South_Carolina_d5d8.html
http://achilles.cse.tamu.edu/wiki/articles/u/n/i/University_of_Toronto_e570.html
http://achilles.cse.tamu.edu/wiki/articles/g/m/i/Gmina.html
http://achilles.cse.tamu.edu/wiki/articles/h/o/n/Honduras.html
http://achilles.cse.tamu.edu/wiki/articles/o/r/d/Order_of_Canada_843d.html
http://achilles.cse.tamu.edu/wiki/articles/h/a/i/Haiti.html
http://achilles.cse.tamu.edu/wiki/articles/c/o/m/Compilation_album.html
http://achilles.cse.tamu.edu/wiki/articles/t/r/e/Tree.html
http://achilles.cse.tamu.edu/wiki/articles/a/s/t/Astronomy.html
http://achilles.cse.tamu.edu/wiki/articles/j/o/h/John_F._Kennedy_9798.html
http://achilles.cse.tamu.edu/wiki/articles/b/o/b/Bob_Dylan_8d40.html
http://achilles.cse.tamu.edu/wiki/articles/c/o/n/Constellation.html
http://achilles.cse.tamu.edu/wiki/articles/b/a/g/Baghdad.html
http://achilles.cse.tamu.edu/wiki/articles/m/e/d/Medal_of_Honor_1efa.html
http://achilles.cse.tamu.edu/wiki/articles/s/i/b/Siberia.html
http://achilles.cse.tamu.edu/wiki/articles/c/h/e/Chess.html
http://achilles.cse.tamu.edu/wiki/articles/s/h/o/Short_story.html
http://achilles.cse.tamu.edu/wiki/articles/l/e/e/Leeds.html
http://achilles.cse.tamu.edu/wiki/articles/s/h/e/Sheffield.html
http://achilles.cse.tamu.edu/wiki/articles/j/a/p/Japanese_people.html
http://achilles.cse.tamu.edu/wiki/articles/s/e/c/Secondary_school.html
http://achilles.cse.tamu.edu/wiki/articles/c/o/l/Cologne.html
http://achilles.cse.tamu.edu/wiki/articles/l/i/e/Lieutenant.html
http://achilles.cse.tamu.edu/wiki/articles/k/u/o/Kuomintang.html
http://achilles.cse.tamu.edu/wiki/articles/b/a/t/Batting_average.html
http://achilles.cse.tamu.edu/wiki/articles/m/i/n/Mining.html
http://achilles.cse.tamu.edu/wiki/articles/s/u/r/Surname.html
http://achilles.cse.tamu.edu/wiki/articles/g/u/l/Gulf_of_Mexico_73a1.html
http://achilles.cse.tamu.edu/wiki/articles/f/i/r/First-class_cricket.html
http://achilles.cse.tamu.edu/wiki/articles/b/u/l/Bulgarian_language.html
http://achilles.cse.tamu.edu/wiki/articles/c/o/l/Columbia_Records_0f17.html
http://achilles.cse.tamu.edu/wiki/articles/h/y/d/Hydrogen.html
http://achilles.cse.tamu.edu/wiki/articles/i/n/d/Indie_rock.html
http://achilles.cse.tamu.edu/wiki/articles/m/e/m/Memphis,_Tennessee_649e.html
http://achilles.cse.tamu.edu/wiki/articles/b/r/i/British_national_grid_reference_system.html
http://achilles.cse.tamu.edu/wiki/articles/g/e/o/George_Washington_2730.html
http://achilles.cse.tamu.edu/wiki/articles/m/a/r/Marsh.html
http://achilles.cse.tamu.edu/wiki/articles/z/a/m/Zambia.html
http://achilles.cse.tamu.edu/wiki/articles/l/i/b/Libya.html
http://achilles.cse.tamu.edu/wiki/articles/s/t/u/Studio_album.html
http://achilles.cse.tamu.edu/wiki/articles/w/i/n/Wine.html
http://achilles.cse.tamu.edu/wiki/articles/s/o/c/Socialism.html
http://achilles.cse.tamu.edu/wiki/articles/s/u/p/Superhero.html
http://achilles.cse.tamu.edu/wiki/articles/s/o/c/Sociology.html
http://achilles.cse.tamu.edu/wiki/articles/p/e/t/Petroleum.html
http://achilles.cse.tamu.edu/wiki/articles/n/a/t/National_Collegiate_Athletic_Association_2404.html
http://achilles.cse.tamu.edu/wiki/articles/e/v/o/Evolution.html
http://achilles.cse.tamu.edu/wiki/articles/l/o/n/Long_Island_ec1e.html
http://achilles.cse.tamu.edu/wiki/articles/k/a/z/Kazakhstan.html
http://achilles.cse.tamu.edu/wiki/articles/d/e/l/Delhi.html
http://achilles.cse.tamu.edu/wiki/articles/n/o/r/North_Korea_2774.html
http://achilles.cse.tamu.edu/wiki/articles/f/i/j/Fiji.html
http://achilles.cse.tamu.edu/wiki/articles/m/i/l/Military.html
http://achilles.cse.tamu.edu/wiki/articles/c/o/l/College.html
http://achilles.cse.tamu.edu/wiki/articles/p/a/l/Palestine.html
http://achilles.cse.tamu.edu/wiki/articles/l/o/m/Lombardy.html
http://achilles.cse.tamu.edu/wiki/articles/u/e/f/UEFA_Champions_League_a339.html
http://achilles.cse.tamu.edu/wiki/articles/n/e/w/New_Guinea_eecc.html
http://achilles.cse.tamu.edu/wiki/articles/c/a/m/Cambridge.html
http://achilles.cse.tamu.edu/wiki/articles/i/d/a/Idaho.html
http://achilles.cse.tamu.edu/wiki/articles/h/o/m/Home_run.html
http://achilles.cse.tamu.edu/wiki/articles/s/i/l/Silver.html
http://achilles.cse.tamu.edu/wiki/articles/s/t/2E/St._Louis_Cardinals_d4bc.html
http://achilles.cse.tamu.edu/wiki/articles/u/t/t/Uttar_Pradesh_a21c.html
http://achilles.cse.tamu.edu/wiki/articles/r/h/o/Rhode_Island_988e.html
http://achilles.cse.tamu.edu/wiki/articles/e/l/e/Electronic_music.html
http://achilles.cse.tamu.edu/wiki/articles/w/a/s/Washington_Redskins_17e9.html
http://achilles.cse.tamu.edu/wiki/articles/p/r/i/Prison.html
http://achilles.cse.tamu.edu/wiki/articles/l/i/s/Listed_building.html
http://achilles.cse.tamu.edu/wiki/articles/u/e/f/UEFA_Cup_38a7.html
http://achilles.cse.tamu.edu/wiki/articles/n/e/w/New_Testament_39c4.html
http://achilles.cse.tamu.edu/wiki/articles/e/l/v/Elvis_Presley_0230.html
http://achilles.cse.tamu.edu/wiki/articles/h/o/s/Hospital.html
http://achilles.cse.tamu.edu/wiki/articles/a/n/c/Ancient_Egypt_c49a.html
http://achilles.cse.tamu.edu/wiki/articles/t/h/e/The_Church_of_Jesus_Christ_of_Latter-day_Saints_1f3f.html
http://achilles.cse.tamu.edu/wiki/articles/m/o/n/Monastery.html
http://achilles.cse.tamu.edu/wiki/articles/d/e/m/Democracy.html
http://achilles.cse.tamu.edu/wiki/articles/c/o/t/Cotton.html
http://achilles.cse.tamu.edu/wiki/articles/l/a/n/Language.html
http://achilles.cse.tamu.edu/wiki/articles/p/o/p/Pope_John_Paul_II_390d.html
http://achilles.cse.tamu.edu/wiki/articles/l/o/u/Louisville,_Kentucky_392f.html
http://achilles.cse.tamu.edu/wiki/articles/b/e/r/Bermuda.html
http://achilles.cse.tamu.edu/wiki/articles/m/a/s/Massachusetts_Institute_of_Technology_dd6d.html
http://achilles.cse.tamu.edu/wiki/articles/b/u/f/Buffalo,_New_York_0d75.html
http://achilles.cse.tamu.edu/wiki/articles/n/a/s/NASCAR_bd9d.html
http://achilles.cse.tamu.edu/wiki/articles/a/i/r/Aircraft.html
http://achilles.cse.tamu.edu/wiki/articles/r/e/p/Republic_of_China_4cac.html
http://achilles.cse.tamu.edu/wiki/articles/c/n/n/CNN_2435.html
http://achilles.cse.tamu.edu/wiki/articles/a/n/t/Antarctica.html
http://achilles.cse.tamu.edu/wiki/articles/c/h/i/Chicago_Cubs_c37b.html
http://achilles.cse.tamu.edu/wiki/articles/s/o/m/Somerset.html
http://achilles.cse.tamu.edu/wiki/articles/c/o/m/Computer_science.html
http://achilles.cse.tamu.edu/wiki/articles/f/o/x/Fox_Broadcasting_Company_86ee.html
http://achilles.cse.tamu.edu/wiki/articles/l/i/t/Literature.html
http://achilles.cse.tamu.edu/wiki/articles/a/r/i/Aristotle.html
http://achilles.cse.tamu.edu/wiki/articles/c/a/r/Carbon_dioxide.html
http://achilles.cse.tamu.edu/wiki/articles/l/a/o/Laos.html
http://achilles.cse.tamu.edu/wiki/articles/f/i/n/Finnish_language.html
http://achilles.cse.tamu.edu/wiki/articles/c/a/r/Cardiff.html
http://achilles.cse.tamu.edu/wiki/articles/h/e/a/Heavy_metal_music.html
http://achilles.cse.tamu.edu/wiki/articles/b/u/c/Bucharest.html
http://achilles.cse.tamu.edu/wiki/articles/m/o/n/Mongolia.html
http://achilles.cse.tamu.edu/wiki/articles/c/h/e/Cheshire.html
http://achilles.cse.tamu.edu/wiki/articles/m/u/h/Muhammad.html
http://achilles.cse.tamu.edu/wiki/articles/t/i/b/Tibet.html
http://achilles.cse.tamu.edu/wiki/articles/v/i/c/Victorian_era.html
http://achilles.cse.tamu.edu/wiki/articles/h/o/l/Holy_Roman_Empire_f314.html
http://achilles.cse.tamu.edu/wiki/articles/l/i/n/Linguistics.html
http://achilles.cse.tamu.edu/wiki/articles/s/t/a/Stanley_Cup_a81d.html
http://achilles.cse.tamu.edu/wiki/articles/h/o/m/Homosexuality.html
http://achilles.cse.tamu.edu/wiki/articles/a/i/r/Airline.html
http://achilles.cse.tamu.edu/wiki/articles/h/e/l/Helicopter.html
http://achilles.cse.tamu.edu/wiki/articles/h/u/r/Hurricane_Katrina_e7df.html
http://achilles.cse.tamu.edu/wiki/articles/t/u/n/Tunisia.html
http://achilles.cse.tamu.edu/wiki/articles/a/s/s/Associated_Press_9ff2.html
http://achilles.cse.tamu.edu/wiki/articles/w/i/n/Winston_Churchill_74d2.html
http://achilles.cse.tamu.edu/wiki/articles/d/e/n/Denver,_Colorado_0409.html
http://achilles.cse.tamu.edu/wiki/articles/e/a/s/Eastern_Europe_ef2f.html
http://achilles.cse.tamu.edu/wiki/articles/c/u/l/Culture.html
http://achilles.cse.tamu.edu/wiki/articles/c/a/t/Cattle.html
http://achilles.cse.tamu.edu/wiki/articles/c/o/m/Comedian.html
http://achilles.cse.tamu.edu/wiki/articles/r/a/d/Radar.html
http://achilles.cse.tamu.edu/wiki/articles/h/o/r/Horse_racing.html
http://achilles.cse.tamu.edu/wiki/articles/k/a/n/Kansas_City,_Missouri_d52a.html
http://achilles.cse.tamu.edu/wiki/articles/o/r/d/Order_of_the_Bath_2ec6.html
http://achilles.cse.tamu.edu/wiki/articles/s/h/r/Shrubland.html
http://achilles.cse.tamu.edu/wiki/articles/s/i/l/Silent_film.html
http://achilles.cse.tamu.edu/wiki/articles/c/a/t/Catalonia.html
http://achilles.cse.tamu.edu/wiki/articles/p/h/o/Phoenix,_Arizona_97f7.html
http://achilles.cse.tamu.edu/wiki/articles/h/a/r/Hard_rock.html
http://achilles.cse.tamu.edu/wiki/articles/s/a/i/Saint.html
http://achilles.cse.tamu.edu/wiki/articles/l/e/i/Leipzig.html
http://achilles.cse.tamu.edu/wiki/articles/c/i/n/Cincinnati_Reds_7554.html
http://achilles.cse.tamu.edu/wiki/articles/p/l/a/Playwright.html
http://achilles.cse.tamu.edu/wiki/articles/e/u/r/Euro.html
http://achilles.cse.tamu.edu/wiki/articles/s/c/u/Sculpture.html
http://achilles.cse.tamu.edu/wiki/articles/a/m/e/American_Hockey_League_fa5a.html
http://achilles.cse.tamu.edu/wiki/articles/d/r/u/Drummer.html
http://achilles.cse.tamu.edu/wiki/articles/n/o/r/North_Dakota_3971.html
http://achilles.cse.tamu.edu/wiki/articles/e/m/i/EMI_68e5.html
http://achilles.cse.tamu.edu/wiki/articles/m/o/t/Motorcycle.html
http://achilles.cse.tamu.edu/wiki/articles/g/r/a/Grassland.html
http://achilles.cse.tamu.edu/wiki/articles/n/a/m/Namibia.html
http://achilles.cse.tamu.edu/wiki/articles/a/r/s/Arsenal_F.C._0a5a.html
http://achilles.cse.tamu.edu/wiki/articles/k/i/e/Kiev.html
http://achilles.cse.tamu.edu/wiki/articles/c/e/n/Central_Asia_5707.html
http://achilles.cse.tamu.edu/wiki/articles/a/u/s/Austria-Hungary_d732.html
http://achilles.cse.tamu.edu/wiki/articles/b/u/s/Bus.html
http://achilles.cse.tamu.edu/wiki/articles/u/n/i/United_Kingdom_of_Great_Britain_and_Ireland_5d03.html
http://achilles.cse.tamu.edu/wiki/articles/r/e/g/Reggae.html
http://achilles.cse.tamu.edu/wiki/articles/w/a/r/Warner_Bros._b6cc.html
http://achilles.cse.tamu.edu/wiki/articles/g/e/o/Geology.html
http://achilles.cse.tamu.edu/wiki/articles/h/o/r/Horse.html
http://achilles.cse.tamu.edu/wiki/articles/a/n/c/Ancient_Greek_c878.html
http://achilles.cse.tamu.edu/wiki/articles/m/a/c/Mac_OS_X_b8d4.html
http://achilles.cse.tamu.edu/wiki/articles/w/y/o/Wyoming.html
http://achilles.cse.tamu.edu/wiki/articles/j/a/m/James_Bond_c2aa.html
http://achilles.cse.tamu.edu/wiki/articles/p/i/a/Pianist.html
http://achilles.cse.tamu.edu/wiki/articles/i/m/p/Impact_crater.html
http://achilles.cse.tamu.edu/wiki/articles/a/l/t/Altitude.html
http://achilles.cse.tamu.edu/wiki/articles/c/o/n/Conservatism.html
http://achilles.cse.tamu.edu/wiki/articles/e/l/_/El_Salvador_2636.html
http://achilles.cse.tamu.edu/wiki/articles/s/p/a/Spanish_Civil_War_7a30.html
http://achilles.cse.tamu.edu/wiki/articles/r/i/c/Richard_Nixon_9d26.html
http://achilles.cse.tamu.edu/wiki/articles/a/l/c/Alcohol.html
http://achilles.cse.tamu.edu/wiki/articles/b/l/a/Black_Sea_23fa.html
http://achilles.cse.tamu.edu/wiki/articles/f/e/d/Federal_Communications_Commission_26fd.html
http://achilles.cse.tamu.edu/wiki/articles/c/e/n/Central_business_district.html
http://achilles.cse.tamu.edu/wiki/articles/s/w/i/Swimming.html
http://achilles.cse.tamu.edu/wiki/articles/d/e/t/Detroit_Tigers_a55b.html
http://achilles.cse.tamu.edu/wiki/articles/a/r/t/Artillery.html
http://achilles.cse.tamu.edu/wiki/articles/m/a/n/Manchester_United_F.C._7c41.html
http://achilles.cse.tamu.edu/wiki/articles/a/t/l/Atlanta_Braves_4729.html
http://achilles.cse.tamu.edu/wiki/articles/p/a/n/Panama_Canal_ac67.html
http://achilles.cse.tamu.edu/wiki/articles/s/o/u/South_Dakota_9b0f.html
http://achilles.cse.tamu.edu/wiki/articles/t/e/l/Television_program.html
http://achilles.cse.tamu.edu/wiki/articles/t/o/w/Township_(United_States)_12ae.html
http://achilles.cse.tamu.edu/wiki/articles/t/e/r/Terrorism.html
http://achilles.cse.tamu.edu/wiki/articles/e/u/r/European_Parliament_a87a.html
http://achilles.cse.tamu.edu/wiki/articles/j/o/h/Johannesburg.html
http://achilles.cse.tamu.edu/wiki/articles/l/i/b/Liberal_Party_(UK)_4ba9.html
http://achilles.cse.tamu.edu/wiki/articles/r/o/l/Role-playing_game.html
http://achilles.cse.tamu.edu/wiki/articles/s/o/m/Somalia.html
http://achilles.cse.tamu.edu/wiki/articles/a/z/e/Azerbaijan.html
http://achilles.cse.tamu.edu/wiki/articles/w/r/o/Wrocław.html
http://achilles.cse.tamu.edu/wiki/articles/p/r/o/Progressive_rock.html
http://achilles.cse.tamu.edu/wiki/articles/r/e/g/Regiment.html
http://achilles.cse.tamu.edu/wiki/articles/h/o/r/Horror_film.html
http://achilles.cse.tamu.edu/wiki/articles/a/m/t/Amtrak.html
http://achilles.cse.tamu.edu/wiki/articles/n/o/r/North_Sea_f231.html
http://achilles.cse.tamu.edu/wiki/articles/r/a/c/Racism.html
http://achilles.cse.tamu.edu/wiki/articles/e/n/g/English_Civil_War_6bfe.html
http://achilles.cse.tamu.edu/wiki/articles/c/o/m/Comedy_film.html
http://achilles.cse.tamu.edu/wiki/articles/c/a/p/Cape_Town_7c7b.html
http://achilles.cse.tamu.edu/wiki/articles/c/a/r/Cardinal_(Catholicism)_84c0.html
http://achilles.cse.tamu.edu/wiki/articles/l/i/b/Library.html
http://achilles.cse.tamu.edu/wiki/articles/l/i/v/Liverpool_F.C._2b1a.html
http://achilles.cse.tamu.edu/wiki/articles/l/e/s/Lesbian.html
http://achilles.cse.tamu.edu/wiki/articles/a/r/c/Archaeology.html
http://achilles.cse.tamu.edu/wiki/articles/w/e/s/West_Bengal_be5b.html
http://achilles.cse.tamu.edu/wiki/articles/s/o/n/Sony.html
http://achilles.cse.tamu.edu/wiki/articles/b/o/l/Bollywood.html
http://achilles.cse.tamu.edu/wiki/articles/j/u/d/Judge.html
http://achilles.cse.tamu.edu/wiki/articles/f/o/r/Ford_Motor_Company_7541.html
http://achilles.cse.tamu.edu/wiki/articles/g/r/e/Greeks.html
http://achilles.cse.tamu.edu/wiki/articles/n/e/w/Newfoundland_and_Labrador_4e85.html
http://achilles.cse.tamu.edu/wiki/articles/t/e/h/Tehran.html
http://achilles.cse.tamu.edu/wiki/articles/c/l/e/Cleveland_Indians_918e.html
http://achilles.cse.tamu.edu/wiki/articles/d/o/m/Domesday_Book_b82d.html
http://achilles.cse.tamu.edu/wiki/articles/k/u/w/Kuwait.html
http://achilles.cse.tamu.edu/wiki/articles/c/o/f/Coffee.html
http://achilles.cse.tamu.edu/wiki/articles/b/a/l/Baltimore_Orioles_01d9.html
http://achilles.cse.tamu.edu/wiki/articles/o/p/e/Open_source.html
http://achilles.cse.tamu.edu/wiki/articles/s/i/e/Sierra_Leone_8171.html
http://achilles.cse.tamu.edu/wiki/articles/s/t/a/State_leaders_by_year.html
http://achilles.cse.tamu.edu/wiki/articles/s/a/t/Satire.html
http://achilles.cse.tamu.edu/wiki/articles/d/a/n/Danube.html
http://achilles.cse.tamu.edu/wiki/articles/g/r/a/Granite.html
http://achilles.cse.tamu.edu/wiki/articles/b/a/c/Bachelor_of_Science_1c0e.html
http://achilles.cse.tamu.edu/wiki/articles/h/i/s/Hispanic.html
http://achilles.cse.tamu.edu/wiki/articles/a/n/t/Antwerp.html
http://achilles.cse.tamu.edu/wiki/articles/d/r/a/Drainage_basin.html
http://achilles.cse.tamu.edu/wiki/articles/a/m/e/Americas.html
http://achilles.cse.tamu.edu/wiki/articles/s/e/n/Senegal.html
http://achilles.cse.tamu.edu/wiki/articles/o/a/k/Oakland,_California_0bc0.html
http://achilles.cse.tamu.edu/wiki/articles/e/a/s/East_Germany_0033.html
http://achilles.cse.tamu.edu/wiki/articles/r/a/j/Rajasthan.html
http://achilles.cse.tamu.edu/wiki/articles/b/u/s/Business.html
http://achilles.cse.tamu.edu/wiki/articles/c/o/l/Columbus,_Ohio_64f3.html
http://achilles.cse.tamu.edu/wiki/articles/c/h/a/Charadriiformes.html
http://achilles.cse.tamu.edu/wiki/articles/s/a/n/San_Francisco_Giants_cfa9.html
http://achilles.cse.tamu.edu/wiki/articles/e/a/r/Earned_run_average.html
http://achilles.cse.tamu.edu/wiki/articles/m/a/i/Maize.html
http://achilles.cse.tamu.edu/wiki/articles/h/i/v/HIV_abc5.html
http://achilles.cse.tamu.edu/wiki/articles/r/u/n/Running_back.html
http://achilles.cse.tamu.edu/wiki/articles/t/a/l/Talmud.html
http://achilles.cse.tamu.edu/wiki/articles/y/e/m/Yemen.html
http://achilles.cse.tamu.edu/wiki/articles/b/r/a/Brain.html
http://achilles.cse.tamu.edu/wiki/articles/c/a/s/Castle.html
http://achilles.cse.tamu.edu/wiki/articles/s/u/g/Sugar.html
http://achilles.cse.tamu.edu/wiki/articles/s/c/h/School.html
http://achilles.cse.tamu.edu/wiki/articles/r/u/n/Runway.html
http://achilles.cse.tamu.edu/wiki/articles/s/o/u/Soul_music.html
http://achilles.cse.tamu.edu/wiki/articles/b/o/l/Bologna.html
http://achilles.cse.tamu.edu/wiki/articles/k/a/r/Karachi.html
http://achilles.cse.tamu.edu/wiki/articles/b/a/c/Bacteria.html
http://achilles.cse.tamu.edu/wiki/articles/o/r/c/Orchestra.html
http://achilles.cse.tamu.edu/wiki/articles/f/l/a/Flanders.html
http://achilles.cse.tamu.edu/wiki/articles/f/r/a/Frankfurt.html
http://achilles.cse.tamu.edu/wiki/articles/n/e/w/New_York_Giants_d193.html
http://achilles.cse.tamu.edu/wiki/articles/p/a/r/Paramount_Pictures_156b.html
http://achilles.cse.tamu.edu/wiki/articles/i/n/d/Indigenous_peoples_of_the_Americas_3e71.html
http://achilles.cse.tamu.edu/wiki/articles/p/u/b/Public_school.html
http://achilles.cse.tamu.edu/wiki/articles/c/a/l/Calgary.html
http://achilles.cse.tamu.edu/wiki/articles/a/n/t/Anthropology.html
http://achilles.cse.tamu.edu/wiki/articles/n/a/t/Natural_gas.html
http://achilles.cse.tamu.edu/wiki/articles/w/i/l/Wiltshire.html
http://achilles.cse.tamu.edu/wiki/articles/b/a/n/Bangkok.html
http://achilles.cse.tamu.edu/wiki/articles/c/a/p/Capital.html
http://achilles.cse.tamu.edu/wiki/articles/t/o/b/Tobacco.html
http://achilles.cse.tamu.edu/wiki/articles/c/a/n/Canberra.html
http://achilles.cse.tamu.edu/wiki/articles/c/h/i/Chicago_White_Sox_cecb.html
http://achilles.cse.tamu.edu/wiki/articles/p/i/t/Pittsburgh_Pirates_22c6.html
http://achilles.cse.tamu.edu/wiki/articles/p/r/e/Premier_League_624e.html
http://achilles.cse.tamu.edu/wiki/articles/n/o/r/Normandy.html
http://achilles.cse.tamu.edu/wiki/articles/e/t/o/Eton_College_8864.html
http://achilles.cse.tamu.edu/wiki/articles/g/e/n/General_aviation.html
http://achilles.cse.tamu.edu/wiki/articles/s/u/f/Suffolk.html
http://achilles.cse.tamu.edu/wiki/articles/u/n/i/United_Arab_Emirates_edab.html
http://achilles.cse.tamu.edu/wiki/articles/b/a/l/Baltic_Sea_a4f2.html
http://achilles.cse.tamu.edu/wiki/articles/p/r/o/Professional.html
http://achilles.cse.tamu.edu/wiki/articles/s/o/u/Soundtrack.html
http://achilles.cse.tamu.edu/wiki/articles/r/e/p/Republic_of_Macedonia_2bfd.html
http://achilles.cse.tamu.edu/wiki/articles/a/l/e/Alexandria.html
http://achilles.cse.tamu.edu/wiki/articles/a/b/o/Abortion.html
http://achilles.cse.tamu.edu/wiki/articles/p/h/i/Philadelphia_Phillies_8565.html
